Archive member included to satisfy reference by file (symbol)

app/libapp.a(main.c.obj)      (--whole-archive)
zephyr/libzephyr.a(heap.c.obj)
                              (--whole-archive)
zephyr/libzephyr.a(cbprintf_packaged.c.obj)
                              (--whole-archive)
zephyr/libzephyr.a(printk.c.obj)
                              (--whole-archive)
zephyr/libzephyr.a(sem.c.obj)
                              (--whole-archive)
zephyr/libzephyr.a(thread_entry.c.obj)
                              (--whole-archive)
zephyr/libzephyr.a(cbprintf_complete.c.obj)
                              (--whole-archive)
zephyr/libzephyr.a(assert.c.obj)
                              (--whole-archive)
zephyr/libzephyr.a(dec.c.obj)
                              (--whole-archive)
zephyr/libzephyr.a(hex.c.obj)
                              (--whole-archive)
zephyr/libzephyr.a(rb.c.obj)  (--whole-archive)
zephyr/libzephyr.a(timeutil.c.obj)
                              (--whole-archive)
zephyr/libzephyr.a(bitarray.c.obj)
                              (--whole-archive)
zephyr/libzephyr.a(configs.c.obj)
                              (--whole-archive)
zephyr/libzephyr.a(soc.c.obj)
                              (--whole-archive)
zephyr/libzephyr.a(soc_cache.c.obj)
                              (--whole-archive)
zephyr/libzephyr.a(loader.c.obj)
                              (--whole-archive)
zephyr/libzephyr.a(esp32s3-mp.c.obj)
                              (--whole-archive)
zephyr/libzephyr.a(tracing_none.c.obj)
                              (--whole-archive)
zephyr/libzephyr.a(uart_hal.c.obj)
                              (--whole-archive)
zephyr/libzephyr.a(uart_hal_iram.c.obj)
                              (--whole-archive)
zephyr/libzephyr.a(regi2c_ctrl.c.obj)
                              (--whole-archive)
zephyr/libzephyr.a(adc_periph.c.obj)
                              (--whole-archive)
zephyr/libzephyr.a(gpio_periph.c.obj)
                              (--whole-archive)
zephyr/libzephyr.a(rtc_io_periph.c.obj)
                              (--whole-archive)
zephyr/libzephyr.a(spi_flash_timing_tuning.c.obj)
                              (--whole-archive)
zephyr/libzephyr.a(spi_timing_config.c.obj)
                              (--whole-archive)
zephyr/libzephyr.a(cpu_util.c.obj)
                              (--whole-archive)
zephyr/libzephyr.a(dport_access.c.obj)
                              (--whole-archive)
zephyr/libzephyr.a(esp_clk.c.obj)
                              (--whole-archive)
zephyr/libzephyr.a(rtc_clk.c.obj)
                              (--whole-archive)
zephyr/libzephyr.a(rtc_init.c.obj)
                              (--whole-archive)
zephyr/libzephyr.a(rtc_time.c.obj)
                              (--whole-archive)
zephyr/libzephyr.a(rtc_clk_init.c.obj)
                              (--whole-archive)
zephyr/libzephyr.a(rtc_sleep.c.obj)
                              (--whole-archive)
zephyr/libzephyr.a(mac_addr.c.obj)
                              (--whole-archive)
zephyr/libzephyr.a(esp_rom_uart.c.obj)
                              (--whole-archive)
zephyr/libzephyr.a(clk.c.obj)
                              (--whole-archive)
zephyr/libzephyr.a(reset_reason.c.obj)
                              (--whole-archive)
zephyr/libzephyr.a(periph_ctrl.c.obj)
                              (--whole-archive)
zephyr/libzephyr.a(cpu_hal.c.obj)
                              (--whole-archive)
zephyr/libzephyr.a(interrupt_controller_hal.c.obj)
                              (--whole-archive)
zephyr/libzephyr.a(interrupt_descriptor_table.c.obj)
                              (--whole-archive)
zephyr/libzephyr.a(ets_timer_legacy.c.obj)
                              (--whole-archive)
zephyr/libzephyr.a(esp_timer.c.obj)
                              (--whole-archive)
zephyr/libzephyr.a(esp_timer_impl_systimer.c.obj)
                              (--whole-archive)
zephyr/libzephyr.a(systimer_hal.c.obj)
                              (--whole-archive)
zephyr/libzephyr.a(log_noos.c.obj)
                              (--whole-archive)
zephyr/libzephyr.a(log.c.obj)
                              (--whole-archive)
zephyr/libzephyr.a(esp_efuse_fields.c.obj)
                              (--whole-archive)
zephyr/libzephyr.a(esp_efuse_table.c.obj)
                              (--whole-archive)
zephyr/libzephyr.a(esp_efuse_rtc_calib.c.obj)
                              (--whole-archive)
zephyr/libzephyr.a(esp_efuse_utility.c.obj)
                              (--whole-archive)
zephyr/libzephyr.a(esp_efuse_api.c.obj)
                              (--whole-archive)
zephyr/libzephyr.a(esp_efuse_api_key_esp32xx.c.obj)
                              (--whole-archive)
zephyr/libzephyr.a(esp_efuse_utility.c.obj)
                              (--whole-archive)
zephyr/libzephyr.a(esp_system_api.c.obj)
                              (--whole-archive)
zephyr/libzephyr.a(heap_caps.c.obj)
                              (--whole-archive)
[...]
Memory Configuration

Name             Origin             Length             Attributes
mcuboot_hdr      0x0000000000000000 0x0000000000000020 xr
metadata         0x0000000000000020 0x0000000000000020 xr
ROM              0x0000000000000040 0x00000000007fffc0 xr
iram0_0_seg      0x0000000040374000 0x0000000000046000 xr
dram0_0_seg      0x000000003fc88000 0x0000000000042000 rw
irom0_0_seg      0x0000000042000020 0x00000000007fffe0 xr
drom0_0_seg      0x000000003c000040 0x00000000007fffc0 r
rtc_iram_seg     0x00000000600fe000 0x0000000000002000 xrw
rtc_data_seg     0x00000000600fe000 0x0000000000002000 rw
rtc_slow_seg     0x0000000050000000 0x0000000000002000 rw
IDT_LIST         0x000000003ebfe010 0x0000000000002000 rw
*default*        0x0000000000000000 0xffffffffffffffff

Linker script and memory map

                0x00000000403762cc                vfprintf = __l_vfprintf
                0x0000000000000000                vfscanf = __l_vfscanf
LOAD zephyr/CMakeFiles/zephyr_final.dir/misc/empty_file.c.obj
LOAD zephyr/CMakeFiles/zephyr_final.dir/isr_tables.c.obj
LOAD zephyr/CMakeFiles/offsets.dir/./arch/xtensa/core/offsets/offsets.c.obj
LOAD app/libapp.a
LOAD zephyr/libzephyr.a
LOAD zephyr/arch/common/libarch__common.a
LOAD zephyr/arch/arch/xtensa/core/libarch__xtensa__core.a
LOAD zephyr/lib/libc/picolibc/liblib__libc__picolibc.a
LOAD zephyr/lib/libc/common/liblib__libc__common.a
LOAD zephyr/subsys/random/libsubsys__random.a
LOAD zephyr/drivers/interrupt_controller/libdrivers__interrupt_controller.a
LOAD zephyr/drivers/clock_control/libdrivers__clock_control.a
LOAD zephyr/drivers/console/libdrivers__console.a
LOAD zephyr/drivers/entropy/libdrivers__entropy.a
LOAD zephyr/drivers/gpio/libdrivers__gpio.a
LOAD zephyr/drivers/pinctrl/libdrivers__pinctrl.a
LOAD zephyr/drivers/serial/libdrivers__serial.a
LOAD zephyr/drivers/timer/libdrivers__timer.a
LOAD zephyr/kernel/libkernel.a
LOAD c:/users/jcook/zephyr-sdk-0.16.5/xtensa-espressif_esp32s3_zephyr-elf/bin/../lib/gcc/xtensa-espressif_esp32s3_zephyr-elf/12.2.0\libgcc.a
LOAD zephyr/arch/common/libisr_tables.a
LOAD c:/users/jcook/zephyr-sdk-0.16.5/xtensa-espressif_esp32s3_zephyr-elf/bin/../lib/gcc/xtensa-espressif_esp32s3_zephyr-elf/12.2.0\libgcc.a
LOAD c:\users\jcook\zephyr-sdk-0.16.5\xtensa-espressif_esp32s3_zephyr-elf\bin\../lib/gcc/../../picolibc/xtensa-espressif_esp32s3_zephyr-elf/lib\libc.a
LOAD c:/users/jcook/zephyr-sdk-0.16.5/xtensa-espressif_esp32s3_zephyr-elf/bin/../lib/gcc/xtensa-espressif_esp32s3_zephyr-elf/12.2.0\libgcc.a

.mcuboot_header
                0x0000000000000000       0x20
                0x0000000000000000        0x8 QUAD 0x0
                0x0000000000000008        0x8 QUAD 0x0
                0x0000000000000010        0x8 QUAD 0x0
                0x0000000000000018        0x8 QUAD 0x0

.metadata       0x0000000000000020       0x1c
                0x0000000000000020        0x4 LONG 0xace637d3
 *(SORT_BY_ALIGNMENT(.entry_addr))
                0x0000000000000024        0x4 LONG 0x40374000 ADDR (.iram0.vectors)
                0x0000000000000028        0x4 LONG 0x12b0 LOADADDR (.iram0.vectors)
                0x000000000000002c        0x4 LONG 0x29b4 ((LOADADDR (.iram0.text) + SIZEOF (.iram0.text)) - LOADADDR (.iram0.vectors))
                0x0000000000000030        0x4 LONG 0x3fc8a6a0 ADDR (.dram0.data)
                0x0000000000000034        0x4 LONG 0x3c64 LOADADDR (.dram0.data)
                0x0000000000000038        0x4 LONG 0x254 ((LOADADDR (.dram0.end) + SIZEOF (.dram0.end)) - LOADADDR (.dram0.data))

.rel.plt        0x0000000000000000        0x0
 *(SORT_BY_ALIGNMENT(.rel.plt))
                [!provide]                        PROVIDE (__rel_iplt_start = .)
 *(SORT_BY_ALIGNMENT(.rel.iplt))
                [!provide]                        PROVIDE (__rel_iplt_end = .)

.rela.plt       0x0000000000000000        0x0
 *(SORT_BY_ALIGNMENT(.rela.plt))
                [!provide]                        PROVIDE (__rela_iplt_start = .)
 *(SORT_BY_ALIGNMENT(.rela.iplt))
                [!provide]                        PROVIDE (__rela_iplt_end = .)

.rel.dyn
 *(SORT_BY_ALIGNMENT(.rel.*))

.rela.dyn
 *(SORT_BY_ALIGNMENT(.rela.*))
                0x0000000000000040                _image_drom_start = LOADADDR (rodata)
                0x0000000000001270                _image_drom_size = ((LOADADDR (_RODATA_SECTION_END) + SIZEOF (_RODATA_SECTION_END)) - _image_drom_start)
                0x000000003c000040                _image_drom_vaddr = ADDR (rodata)

rodata          0x000000003c000040     0x11a8 load address 0x0000000000000040
                0x000000003c000040                _rodata_reserved_start = ABSOLUTE (.)
                0x000000003c000040                _rodata_start = ABSOLUTE (.)
 *(SORT_BY_ALIGNMENT(.rodata_desc) SORT_BY_ALIGNMENT(.rodata_desc.*))
 *(SORT_BY_ALIGNMENT(.rodata_custom_desc) SORT_BY_ALIGNMENT(.rodata_custom_desc.*))
                0x000000003c000040                __rodata_region_start = ABSOLUTE (.)
                0x000000003c000040                . = ALIGN (0x4)
                0x000000003c000040                . = ALIGN (0x4)
 *(SORT_BY_ALIGNMENT(EXCLUDE_FILE(*libdrivers__serial.a:uart_esp32.* *libzephyr.a:loader.* *libzephyr.a:log_output.* *libzephyr.a:log_backend_uart.* *libzephyr.a:log_core.* *libzephyr.a:cbprintf_complete* *libkernel.a:init.* *libkernel.a:fatal.* *libarch__xtensa__core.a:*) .rodata))
 .rodata        0x000000003c000040        0x4 zephyr/libzephyr.a(clk.c.obj)
 .rodata        0x000000003c000044        0x8 zephyr/drivers/clock_control/libdrivers__clock_control.a(clock_control_esp32.c.obj)
 *(SORT_BY_ALIGNMENT(EXCLUDE_FILE(*libdrivers__serial.a:uart_esp32.* *libzephyr.a:loader.* *libzephyr.a:log_output.* *libzephyr.a:log_backend_uart.* *libzephyr.a:log_core.* *libzephyr.a:cbprintf_complete* *libkernel.a:init.* *libkernel.a:fatal.* *libarch__xtensa__core.a:*) .rodata.*))
 .rodata.GPIO_PIN_MUX_REG
                0x000000003c00004c       0xc4 zephyr/libzephyr.a(gpio_periph.c.obj)
                0x000000003c00004c                GPIO_PIN_MUX_REG
 .rodata.rtc_io_desc
                0x000000003c000110      0x4d0 zephyr/libzephyr.a(rtc_io_periph.c.obj)
                0x000000003c000110                rtc_io_desc
 .rodata.rtc_io_num_map
                0x000000003c0005e0       0xc4 zephyr/libzephyr.a(rtc_io_periph.c.obj)
                0x000000003c0005e0                rtc_io_num_map
 .rodata.esp_reset_reason_init
                0x000000003c0006a4       0x20 zephyr/libzephyr.a(reset_reason.c.obj)
 .rodata.periph_ll_get_rst_en_mask
                0x000000003c0006c4       0xa0 zephyr/libzephyr.a(periph_ctrl.c.obj)
 .rodata.CSWTCH$9
                0x000000003c000764       0x90 zephyr/libzephyr.a(periph_ctrl.c.obj)
 .rodata.CSWTCH$7
                0x000000003c0007f4       0x90 zephyr/libzephyr.a(periph_ctrl.c.obj)
 .rodata.CSWTCH$4
                0x000000003c000884       0xa0 zephyr/libzephyr.a(periph_ctrl.c.obj)
 .rodata.interrupt_descriptor_table
                0x000000003c000924      0x200 zephyr/libzephyr.a(interrupt_descriptor_table.c.obj)
 .rodata.OCODE  0x000000003c000b24        0x4 zephyr/libzephyr.a(esp_efuse_table.c.obj)
 .rodata.BLK_VERSION_MAJOR
                0x000000003c000b28        0x4 zephyr/libzephyr.a(esp_efuse_table.c.obj)
 .rodata.DIG_DBIAS_HVT
                0x000000003c000b2c        0x4 zephyr/libzephyr.a(esp_efuse_table.c.obj)
 .rodata.V_DIG_DBIAS20
                0x000000003c000b30        0x4 zephyr/libzephyr.a(esp_efuse_table.c.obj)
 .rodata.V_RTC_DBIAS20
                0x000000003c000b34        0x4 zephyr/libzephyr.a(esp_efuse_table.c.obj)
 .rodata.K_DIG_LDO
                0x000000003c000b38        0x4 zephyr/libzephyr.a(esp_efuse_table.c.obj)
 .rodata.K_RTC_LDO
                0x000000003c000b3c        0x4 zephyr/libzephyr.a(esp_efuse_table.c.obj)
 .rodata.BLK_VERSION_MINOR
                0x000000003c000b40        0x4 zephyr/libzephyr.a(esp_efuse_table.c.obj)
 .rodata.range_read_addr_blocks
                0x000000003c000b44       0x58 zephyr/libzephyr.a(esp_efuse_utility.c.obj)
                0x000000003c000b44                range_read_addr_blocks
 .rodata.stdout
                0x000000003c000b9c        0x4 zephyr/lib/libc/picolibc/liblib__libc__picolibc.a(libc-hooks.c.obj)
                0x000000003c000b9c                stdout
                0x000000003c000b9c                stderr
 .rodata.CSWTCH$8
                0x000000003c000ba0       0x90 zephyr/drivers/clock_control/libdrivers__clock_control.a(clock_control_esp32.c.obj)
 .rodata.CSWTCH$6
                0x000000003c000c30       0xa0 zephyr/drivers/clock_control/libdrivers__clock_control.a(clock_control_esp32.c.obj)
 .rodata.esp32_clock_config0
                0x000000003c000cd0       0x10 zephyr/drivers/clock_control/libdrivers__clock_control.a(clock_control_esp32.c.obj)
 .rodata.clock_control_esp32_api
                0x000000003c000ce0       0x1c zephyr/drivers/clock_control/libdrivers__clock_control.a(clock_control_esp32.c.obj)
 .rodata.entropy_esp32_api_funcs
                0x000000003c000cfc        0x8 zephyr/drivers/entropy/libdrivers__entropy.a(entropy_esp32.c.obj)
 .rodata.gpio_esp32_driver_api
                0x000000003c000d04       0x24 zephyr/drivers/gpio/libdrivers__gpio.a(gpio_esp32.c.obj)
 .rodata.esp32_gpio_ports_addrs
                0x000000003c000d28        0x8 zephyr/drivers/pinctrl/libdrivers__pinctrl.a(pinctrl_esp32.c.obj)
 .rodata.__l_vfprintf
                0x000000003c000d30       0x90 c:\users\jcook\zephyr-sdk-0.16.5\xtensa-espressif_esp32s3_zephyr-elf\bin\../lib/gcc/../../picolibc/xtensa-espressif_esp32s3_zephyr-elf/lib\libc.a(libc_tinystdio_vflprintf.c.o)
 .rodata.main.str1.1
                0x000000003c000dc0       0x16 app/libapp.a(main.c.obj)
 .rodata.rtc_clk_cpu_freq_to_pll_mhz.str1.1
                0x000000003c000dd6       0x26 zephyr/libzephyr.a(rtc_clk.c.obj)
 .rodata.rtc_clk_xtal_freq_get.str1.1
                0x000000003c000dfc       0x34 zephyr/libzephyr.a(rtc_clk.c.obj)
 .rodata.rtc_clk_cpu_freq_get_config.str1.1
                0x000000003c000e30       0x30 zephyr/libzephyr.a(rtc_clk.c.obj)
 .rodata.get_rtc_dbias_by_efuse$constprop$0.str1.1
                0x000000003c000e60       0x68 zephyr/libzephyr.a(rtc_init.c.obj)
 .rodata.rtc_init.str1.1
                0x000000003c000ec8      0x11a zephyr/libzephyr.a(rtc_init.c.obj)
 .rodata.rtc_clk_init.str1.1
                0x000000003c000fe2       0x35 zephyr/libzephyr.a(rtc_clk_init.c.obj)
 .rodata.select_rtc_slow_clk.str1.1
                0x000000003c001017       0x4c zephyr/libzephyr.a(clk.c.obj)
                                         0x50 (size before relaxing)
 .rodata.esp_efuse_utility_process.str1.1
                0x000000003c001063       0x41 zephyr/libzephyr.a(esp_efuse_utility.c.obj)
 .rodata.abort.str1.1
                0x000000003c0010a4        0x9 zephyr/lib/libc/common/liblib__libc__common.a(abort.c.obj)
 .rodata.default_intr_handler.str1.1
                0x000000003c0010ad       0x23 zephyr/drivers/interrupt_controller/libdrivers__interrupt_controller.a(intc_esp32.c.obj)
 .rodata.CSWTCH$245
                0x000000003c0010d0        0x6 zephyr/drivers/interrupt_controller/libdrivers__interrupt_controller.a(intc_esp32.c.obj)
 .rodata.str1.1
                0x000000003c0010d6        0xd zephyr/drivers/clock_control/libdrivers__clock_control.a(clock_control_esp32.c.obj)
 .rodata.xtal_freq
                0x000000003c0010e3        0x4 zephyr/drivers/clock_control/libdrivers__clock_control.a(clock_control_esp32.c.obj)
 .rodata.str1.1
                0x000000003c0010e7        0xe zephyr/drivers/entropy/libdrivers__entropy.a(entropy_esp32.c.obj)
 .rodata.str1.1
                0x000000003c0010f5       0x1c zephyr/drivers/gpio/libdrivers__gpio.a(gpio_esp32.c.obj)
 .rodata.str1.1
                0x000000003c001111        0xe zephyr/drivers/serial/libdrivers__serial.a(serial_esp32_usb.c.obj)
 .rodata.boot_banner.str1.1
                0x000000003c00111f       0x3e zephyr/kernel/libkernel.a(banner.c.obj)
 .rodata.__l_vfprintf.str1.1
                0x000000003c00115d        0xf c:\users\jcook\zephyr-sdk-0.16.5\xtensa-espressif_esp32s3_zephyr-elf\bin\../lib/gcc/../../picolibc/xtensa-espressif_esp32s3_zephyr-elf/lib\libc.a(libc_tinystdio_vflprintf.c.o)
 *(SORT_BY_ALIGNMENT(.irom1.text))
 *(SORT_BY_ALIGNMENT(.gnu.linkonce.r.*))
 *(SORT_BY_ALIGNMENT(.rodata1))
                0x000000003c00116c                __XT_EXCEPTION_TABLE_ = ABSOLUTE (.)
 *(SORT_BY_ALIGNMENT(.xt_except_table))
 *(SORT_BY_ALIGNMENT(.gcc_except_table) SORT_BY_ALIGNMENT(.gcc_except_table.*))
 *(SORT_BY_ALIGNMENT(.gnu.linkonce.e.*))
 *(SORT_BY_ALIGNMENT(.gnu.version_r))
                0x000000003c00116c                . = ((. + 0x3) & 0xfffffffffffffffc)
                0x000000003c00116c                __eh_frame = ABSOLUTE (.)
 *(SORT_BY_ALIGNMENT(.eh_frame))
 .eh_frame      0x000000003c00116c       0x28 c:/users/jcook/zephyr-sdk-0.16.5/xtensa-espressif_esp32s3_zephyr-elf/bin/../lib/gcc/xtensa-espressif_esp32s3_zephyr-elf/12.2.0\libgcc.a(_divdi3.o)
 .eh_frame      0x000000003c001194       0x28 c:/users/jcook/zephyr-sdk-0.16.5/xtensa-espressif_esp32s3_zephyr-elf/bin/../lib/gcc/xtensa-espressif_esp32s3_zephyr-elf/12.2.0\libgcc.a(_udivdi3.o)
 .eh_frame      0x000000003c0011bc       0x28 c:/users/jcook/zephyr-sdk-0.16.5/xtensa-espressif_esp32s3_zephyr-elf/bin/../lib/gcc/xtensa-espressif_esp32s3_zephyr-elf/12.2.0\libgcc.a(_umoddi3.o)
                0x000000003c0011e8                . = ((. + 0x7) & 0xfffffffffffffffc)
 *fill*         0x000000003c0011e4        0x4 
                0x000000003c0011e8                __XT_EXCEPTION_DESCS_ = ABSOLUTE (.)
 *(SORT_BY_ALIGNMENT(.xt_except_desc))
 *(SORT_BY_ALIGNMENT(.gnu.linkonce.h.*))
                0x000000003c0011e8                __XT_EXCEPTION_DESCS_END__ = ABSOLUTE (.)
 *(SORT_BY_ALIGNMENT(.xt_except_desc_end))
 *(SORT_BY_ALIGNMENT(.dynamic))
 *(SORT_BY_ALIGNMENT(.gnu.version_d))
                0x000000003c0011e8                . = ALIGN (0x4)
                0x000000003c0011e8                __rodata_region_end = ABSOLUTE (.)
                0x000000003c0011e8                _lit4_start = ABSOLUTE (.)
 *(SORT_BY_ALIGNMENT(*.lit4))
 *(SORT_BY_ALIGNMENT(.lit4.*))
 *(SORT_BY_ALIGNMENT(.gnu.linkonce.lit4.*))
                0x000000003c0011e8                _lit4_end = ABSOLUTE (.)
                0x000000003c0011e8                . = ALIGN (0x4)
 *(SORT_BY_ALIGNMENT(.rodata_wlog))
 *(SORT_BY_ALIGNMENT(.rodata_wlog*))
                0x000000003c0011e8                . = ALIGN (0x4)

initlevel       0x000000003c0011e8       0x50 load address 0x00000000000011e8
                0x000000003c0011e8                __init_start = .
                0x000000003c0011e8                __init_EARLY_start = .
 *(SORT_BY_NAME(SORT_BY_ALIGNMENT(.z_init_EARLY?_*)))
 *(SORT_BY_NAME(SORT_BY_ALIGNMENT(.z_init_EARLY??_*)))
                0x000000003c0011e8                __init_PRE_KERNEL_1_start = .
 *(SORT_BY_NAME(SORT_BY_ALIGNMENT(.z_init_PRE_KERNEL_1?_*)))
 *(SORT_BY_NAME(SORT_BY_ALIGNMENT(.z_init_PRE_KERNEL_1??_*)))
 .z_init_PRE_KERNEL_130_00027_
                0x000000003c0011e8        0x8 zephyr/drivers/clock_control/libdrivers__clock_control.a(clock_control_esp32.c.obj)
 .z_init_PRE_KERNEL_130_0_
                0x000000003c0011f0        0x8 zephyr/kernel/libkernel.a(kheap.c.obj)
 .z_init_PRE_KERNEL_140_00011_
                0x000000003c0011f8        0x8 zephyr/drivers/gpio/libdrivers__gpio.a(gpio_esp32.c.obj)
 .z_init_PRE_KERNEL_140_00064_
                0x000000003c001200        0x8 zephyr/drivers/gpio/libdrivers__gpio.a(gpio_esp32.c.obj)
 .z_init_PRE_KERNEL_150_00049_
                0x000000003c001208        0x8 zephyr/drivers/entropy/libdrivers__entropy.a(entropy_esp32.c.obj)
 .z_init_PRE_KERNEL_150_00050_
                0x000000003c001210        0x8 zephyr/drivers/serial/libdrivers__serial.a(uart_esp32.c.obj)
 .z_init_PRE_KERNEL_150_00053_
                0x000000003c001218        0x8 zephyr/drivers/serial/libdrivers__serial.a(serial_esp32_usb.c.obj)
 .z_init_PRE_KERNEL_160_0_
                0x000000003c001220        0x8 zephyr/drivers/console/libdrivers__console.a(uart_console.c.obj)
                0x000000003c001228                __init_PRE_KERNEL_2_start = .
 *(SORT_BY_NAME(SORT_BY_ALIGNMENT(.z_init_PRE_KERNEL_2?_*)))
 .z_init_PRE_KERNEL_20_0_
                0x000000003c001228        0x8 zephyr/drivers/timer/libdrivers__timer.a(xtensa_sys_timer.c.obj)
 *(SORT_BY_NAME(SORT_BY_ALIGNMENT(.z_init_PRE_KERNEL_2??_*)))
                0x000000003c001230                __init_POST_KERNEL_start = .
 *(SORT_BY_NAME(SORT_BY_ALIGNMENT(.z_init_POST_KERNEL?_*)))
 *(SORT_BY_NAME(SORT_BY_ALIGNMENT(.z_init_POST_KERNEL??_*)))
 .z_init_POST_KERNEL40_0_
                0x000000003c001230        0x8 zephyr/lib/libc/common/liblib__libc__common.a(malloc.c.obj)
                0x000000003c001238                __init_APPLICATION_start = .
 *(SORT_BY_NAME(SORT_BY_ALIGNMENT(.z_init_APPLICATION?_*)))
 *(SORT_BY_NAME(SORT_BY_ALIGNMENT(.z_init_APPLICATION??_*)))
                0x000000003c001238                __init_SMP_start = .
 *(SORT_BY_NAME(SORT_BY_ALIGNMENT(.z_init_SMP?_*)))
 *(SORT_BY_NAME(SORT_BY_ALIGNMENT(.z_init_SMP??_*)))
                0x000000003c001238                __init_end = .

device_area     0x000000003c001238       0x78 load address 0x0000000000001238
                0x000000003c001238                _device_list_start = .
 *(SORT_BY_NAME(SORT_BY_ALIGNMENT(._device.static.*_?_*)))
 *(SORT_BY_NAME(SORT_BY_ALIGNMENT(._device.static.*_??_*)))
 ._device.static.1_30_
                0x000000003c001238       0x14 zephyr/drivers/clock_control/libdrivers__clock_control.a(clock_control_esp32.c.obj)
                0x000000003c001238                __device_dts_ord_27
 ._device.static.1_40_
                0x000000003c00124c       0x28 zephyr/drivers/gpio/libdrivers__gpio.a(gpio_esp32.c.obj)
                0x000000003c00124c                __device_dts_ord_64
                0x000000003c001260                __device_dts_ord_11
 ._device.static.1_50_
                0x000000003c001274       0x14 zephyr/drivers/entropy/libdrivers__entropy.a(entropy_esp32.c.obj)
                0x000000003c001274                __device_dts_ord_49
 ._device.static.1_50_
                0x000000003c001288       0x14 zephyr/drivers/serial/libdrivers__serial.a(uart_esp32.c.obj)
                0x000000003c001288                __device_dts_ord_50
 ._device.static.1_50_
                0x000000003c00129c       0x14 zephyr/drivers/serial/libdrivers__serial.a(serial_esp32_usb.c.obj)
                0x000000003c00129c                __device_dts_ord_53
                0x000000003c0012b0                _device_list_end = .

initlevel_error
                0x000000000000003c        0x0
 *(SORT_BY_NAME(SORT_BY_ALIGNMENT(.z_init_[_A-Z0-9]*)))
                0x0000000000000001                ASSERT ((SIZEOF (initlevel_error) == 0x0), Undefined initialization levels used.)

app_shmem_regions
                0x000000003c0012b0        0x0 load address 0x00000000000012b0
                0x000000003c0012b0                __app_shmem_regions_start = .
 *(SORT_BY_NAME(SORT_BY_ALIGNMENT(.app_regions.*)))
                0x000000003c0012b0                __app_shmem_regions_end = .

k_p4wq_initparam_area
                0x000000003c0012b0        0x0 load address 0x00000000000012b0
                0x000000003c0012b0                _k_p4wq_initparam_list_start = .
 *(SORT_BY_NAME(SORT_BY_ALIGNMENT(._k_p4wq_initparam.static.*)))
                0x000000003c0012b0                _k_p4wq_initparam_list_end = .

_static_thread_data_area
                0x000000003c0012b0        0x0 load address 0x00000000000012b0
                0x000000003c0012b0                __static_thread_data_list_start = .
 *(SORT_BY_NAME(SORT_BY_ALIGNMENT(.__static_thread_data.static.*)))
                0x000000003c0012b0                __static_thread_data_list_end = .

device_deps     0x000000003c0012b0        0x0 load address 0x00000000000012b0
                0x000000003c0012b0                __device_deps_start = .
 *(SORT_BY_NAME(SORT_BY_ALIGNMENT(.__device_deps_pass2*)))
                0x000000003c0012b0                __device_deps_end = .

ztest           0x000000003c0012b0        0x0 load address 0x00000000000012b0
                0x000000003c0012b0                _ztest_expected_result_entry_list_start = .
 *(SORT_BY_NAME(SORT_BY_ALIGNMENT(._ztest_expected_result_entry.static.*)))
                0x000000003c0012b0                _ztest_expected_result_entry_list_end = .
                0x000000003c0012b0                _ztest_suite_node_list_start = .
 *(SORT_BY_NAME(SORT_BY_ALIGNMENT(._ztest_suite_node.static.*)))
                0x000000003c0012b0                _ztest_suite_node_list_end = .
                0x000000003c0012b0                _ztest_unit_test_list_start = .
 *(SORT_BY_NAME(SORT_BY_ALIGNMENT(._ztest_unit_test.static.*)))
                0x000000003c0012b0                _ztest_unit_test_list_end = .
                0x000000003c0012b0                _ztest_test_rule_list_start = .
 *(SORT_BY_NAME(SORT_BY_ALIGNMENT(._ztest_test_rule.static.*)))
                0x000000003c0012b0                _ztest_test_rule_list_end = .

bt_l2cap_fixed_chan_area
                0x000000003c0012b0        0x0 load address 0x00000000000012b0
                0x000000003c0012b0                _bt_l2cap_fixed_chan_list_start = .
 *(SORT_BY_NAME(SORT_BY_ALIGNMENT(._bt_l2cap_fixed_chan.static.*)))
                0x000000003c0012b0                _bt_l2cap_fixed_chan_list_end = .

bt_gatt_service_static_area
                0x000000003c0012b0        0x0 load address 0x00000000000012b0
                0x000000003c0012b0                _bt_gatt_service_static_list_start = .
 *(SORT_BY_NAME(SORT_BY_ALIGNMENT(._bt_gatt_service_static.static.*)))
                0x000000003c0012b0                _bt_gatt_service_static_list_end = .

tracing_backend_area
                0x000000003c0012b0        0x0 load address 0x00000000000012b0
                0x000000003c0012b0                _tracing_backend_list_start = .
 *(SORT_BY_NAME(SORT_BY_ALIGNMENT(._tracing_backend.static.*)))
                0x000000003c0012b0                _tracing_backend_list_end = .

zephyr_dbg_info
 *(SORT_BY_ALIGNMENT(.dbg_thread_info))

symbol_to_keep  0x000000003c0012b0        0x0 load address 0x00000000000012b0
                0x000000003c0012b0                __symbol_to_keep_start = .
 *(SORT_BY_NAME(SORT_BY_ALIGNMENT(.symbol_to_keep*)))
                0x000000003c0012b0                __symbol_to_keep_end = .

shell_area      0x000000003c0012b0        0x0 load address 0x00000000000012b0
                0x000000003c0012b0                _shell_list_start = .
 *(SORT_BY_NAME(SORT_BY_ALIGNMENT(._shell.static.*)))
                0x000000003c0012b0                _shell_list_end = .

shell_root_cmds_area
                0x000000003c0012b0        0x0 load address 0x00000000000012b0
                0x000000003c0012b0                _shell_root_cmds_list_start = .
 *(SORT_BY_NAME(SORT_BY_ALIGNMENT(._shell_root_cmds.static.*)))
                0x000000003c0012b0                _shell_root_cmds_list_end = .

shell_subcmds_area
                0x000000003c0012b0        0x0 load address 0x00000000000012b0
                0x000000003c0012b0                _shell_subcmds_list_start = .
 *(SORT_BY_NAME(SORT_BY_ALIGNMENT(._shell_subcmds.static.*)))
                0x000000003c0012b0                _shell_subcmds_list_end = .

shell_dynamic_subcmds_area
                0x000000003c0012b0        0x0 load address 0x00000000000012b0
                0x000000003c0012b0                _shell_dynamic_subcmds_list_start = .
 *(SORT_BY_NAME(SORT_BY_ALIGNMENT(._shell_dynamic_subcmds.static.*)))
                0x000000003c0012b0                _shell_dynamic_subcmds_list_end = .

cfb_font_area   0x000000003c0012b0        0x0 load address 0x00000000000012b0
                0x000000003c0012b0                _cfb_font_list_start = .
 *(SORT_BY_NAME(SORT_BY_ALIGNMENT(._cfb_font.static.*)))
                0x000000003c0012b0                _cfb_font_list_end = .

/DISCARD/
 *(SORT_BY_ALIGNMENT(.irq_info*))
 *(SORT_BY_ALIGNMENT(.intList*))

_RODATA_SECTION_END
                0x000000003c0012b0        0x0 load address 0x00000000000012b0
                0x000000003c0012b0                _rodata_reserved_end = ABSOLUTE (.)
                0x000000003c0012b0                . = ALIGN (0x10)
                0x000000003c0012b0                _image_rodata_end = ABSOLUTE (.)

.iram0.vectors  0x0000000040374000      0x400 load address 0x00000000000012b0
                0x0000000040374000                _iram_start = ABSOLUTE (.)
                0x0000000040374000                _init_start = ABSOLUTE (.)
                0x0000000000000000                . = 0x0
 *(SORT_BY_ALIGNMENT(.WindowVectors.text))
 .WindowVectors.text
                0x0000000040374000      0x16a zephyr/arch/arch/xtensa/core/libarch__xtensa__core.a(window_vectors.S.obj)
                0x0000000040374000                _WindowOverflow4
                0x0000000040374040                _WindowUnderflow4
                0x0000000040374050                _xt_alloca_exc
                0x0000000040374080                _WindowOverflow8
                0x00000000403740c0                _WindowUnderflow8
                0x0000000040374100                _WindowOverflow12
                0x0000000040374140                _WindowUnderflow12
                0x0000000000000180                . = 0x180
 *fill*         0x000000004037416a       0x16 
 *(SORT_BY_ALIGNMENT(.Level2InterruptVector.text))
 .Level2InterruptVector.text
                0x0000000040374180       0x29 zephyr/arch/arch/xtensa/core/libarch__xtensa__core.a(xtensa_asm2_util.S.obj)
                0x0000000040374180                _Level2Vector
                0x00000000000001c0                . = 0x1c0
 *fill*         0x00000000403741a9       0x17 
 *(SORT_BY_ALIGNMENT(.Level3InterruptVector.text))
 .Level3InterruptVector.text
                0x00000000403741c0       0x25 zephyr/arch/arch/xtensa/core/libarch__xtensa__core.a(xtensa_asm2_util.S.obj)
                                         0x29 (size before relaxing)
                0x00000000403741c0                _Level3Vector
                0x0000000000000200                . = 0x200
 *fill*         0x00000000403741e5       0x1b 
 *(SORT_BY_ALIGNMENT(.Level4InterruptVector.text))
 .Level4InterruptVector.text
                0x0000000040374200       0x25 zephyr/arch/arch/xtensa/core/libarch__xtensa__core.a(xtensa_asm2_util.S.obj)
                                         0x29 (size before relaxing)
                0x0000000040374200                _Level4Vector
                0x0000000000000240                . = 0x240
 *fill*         0x0000000040374225       0x1b 
 *(SORT_BY_ALIGNMENT(.Level5InterruptVector.text))
 .Level5InterruptVector.text
                0x0000000040374240       0x25 zephyr/arch/arch/xtensa/core/libarch__xtensa__core.a(xtensa_asm2_util.S.obj)
                                         0x29 (size before relaxing)
                0x0000000040374240                _Level5Vector
                0x0000000000000280                . = 0x280
 *fill*         0x0000000040374265       0x1b 
 *(SORT_BY_ALIGNMENT(.DebugExceptionVector.text))
 .DebugExceptionVector.text
                0x0000000040374280       0x25 zephyr/arch/arch/xtensa/core/libarch__xtensa__core.a(xtensa_asm2_util.S.obj)
                                         0x29 (size before relaxing)
                0x0000000040374280                _Level6Vector
                0x00000000000002c0                . = 0x2c0
 *fill*         0x00000000403742a5       0x1b 
 *(SORT_BY_ALIGNMENT(.NMIExceptionVector.text))
 .NMIExceptionVector.text
                0x00000000403742c0       0x25 zephyr/arch/arch/xtensa/core/libarch__xtensa__core.a(xtensa_asm2_util.S.obj)
                                         0x29 (size before relaxing)
                0x00000000403742c0                _Level7Vector
                0x0000000000000300                . = 0x300
 *fill*         0x00000000403742e5       0x1b 
 *(SORT_BY_ALIGNMENT(.KernelExceptionVector.text))
 .KernelExceptionVector.text
                0x0000000040374300        0x3 zephyr/arch/arch/xtensa/core/libarch__xtensa__core.a(xtensa_asm2_util.S.obj)
                0x0000000040374300                _KernelExceptionVector
                0x0000000000000340                . = 0x340
 *fill*         0x0000000040374303       0x3d 
 *(SORT_BY_ALIGNMENT(.UserExceptionVector.text))
 .UserExceptionVector.text
                0x0000000040374340       0x16 zephyr/arch/arch/xtensa/core/libarch__xtensa__core.a(xtensa_asm2_util.S.obj)
                0x0000000040374340                _Level1RealVector
                0x00000000000003c0                . = 0x3c0
 *fill*         0x0000000040374356       0x6a 
 *(SORT_BY_ALIGNMENT(.DoubleExceptionVector.text))
 .DoubleExceptionVector.text
                0x00000000403743c0        0x6 zephyr/arch/arch/xtensa/core/libarch__xtensa__core.a(xtensa_asm2_util.S.obj)
                0x00000000403743c0                _DoubleExceptionVector
                0x0000000000000400                . = 0x400
 *fill*         0x00000000403743c6       0x3a 
                0x0000000040374400                _invalid_pc_placeholder = ABSOLUTE (.)
 *(SORT_BY_ALIGNMENT(.*Vector.literal))
 *(SORT_BY_ALIGNMENT(.UserEnter.literal))
 *(SORT_BY_ALIGNMENT(.UserEnter.text))
                0x0000000040374400                . = ALIGN (0x10)
 *(SORT_BY_ALIGNMENT(.entry.text))
 *(SORT_BY_ALIGNMENT(.init.literal))
 *(.init)
                0x0000000040374400                _init_end = ABSOLUTE (.)

.iram0.text     0x0000000040374400     0x25b4 load address 0x00000000000016b0
                0x0000000040374400                _iram_text_start = ABSOLUTE (.)
 *(SORT_BY_ALIGNMENT(.iram1) SORT_BY_ALIGNMENT(.iram1.*))
 .iram1.3.literal
                0x0000000040374400       0x30 zephyr/libzephyr.a(soc.c.obj)
                                         0x40 (size before relaxing)
 .iram1.4.literal
                0x0000000040374430        0x4 zephyr/libzephyr.a(soc.c.obj)
                                          0x8 (size before relaxing)
 .iram1.2.literal
                0x0000000040374434        0x8 zephyr/libzephyr.a(soc_cache.c.obj)
 .iram1.3.literal
                0x000000004037443c       0x1c zephyr/libzephyr.a(soc_cache.c.obj)
 .iram1.1.literal
                0x0000000040374458        0x8 zephyr/libzephyr.a(regi2c_ctrl.c.obj)
 .iram1.2.literal
                0x0000000040374460        0x4 zephyr/libzephyr.a(regi2c_ctrl.c.obj)
                                          0x8 (size before relaxing)
 .iram1.3.literal
                0x0000000040374464        0x4 zephyr/libzephyr.a(regi2c_ctrl.c.obj)
                                          0x8 (size before relaxing)
 .iram1.2.literal
                0x0000000040374468        0x8 zephyr/libzephyr.a(esp_clk.c.obj)
 .iram1.3.literal
                0x0000000040374470        0x4 zephyr/libzephyr.a(esp_clk.c.obj)
                                         0x10 (size before relaxing)
 .iram1.0.literal
                0x0000000040374474        0x4 zephyr/libzephyr.a(esp_rom_uart.c.obj)
 .iram1.1.literal
                0x0000000040374478        0x4 zephyr/libzephyr.a(reset_reason.c.obj)
 .iram1.2.literal
                0x000000004037447c        0x8 zephyr/drivers/interrupt_controller/libdrivers__interrupt_controller.a(intc_esp32.c.obj)
 .iram1.5.literal
                0x0000000040374484        0x8 zephyr/drivers/interrupt_controller/libdrivers__interrupt_controller.a(intc_esp32.c.obj)
                                         0x18 (size before relaxing)
 .iram1.2.literal
                0x000000004037448c        0x4 zephyr/drivers/gpio/libdrivers__gpio.a(gpio_esp32.c.obj)
 .iram1.3.literal
                0x0000000040374490        0x8 zephyr/drivers/gpio/libdrivers__gpio.a(gpio_esp32.c.obj)
                                         0x10 (size before relaxing)
 .literal.arch_cpu_idle
                0x0000000040374498        0x4 zephyr/arch/arch/xtensa/core/libarch__xtensa__core.a(cpu_idle.c.obj)
 .literal.xtensa_fatal_error
                0x000000004037449c        0x0 zephyr/arch/arch/xtensa/core/libarch__xtensa__core.a(fatal.c.obj)
                                          0x8 (size before relaxing)
 .literal       0x000000004037449c        0x4 zephyr/arch/arch/xtensa/core/libarch__xtensa__core.a(xtensa_asm2_util.S.obj)
                                          0x8 (size before relaxing)
 .literal.z_irq_spurious
                0x00000000403744a0        0x0 zephyr/arch/arch/xtensa/core/libarch__xtensa__core.a(irq_manage.c.obj)
                                          0x4 (size before relaxing)
 .literal.arch_new_thread
                0x00000000403744a0        0xc zephyr/arch/arch/xtensa/core/libarch__xtensa__core.a(thread.c.obj)
 .literal.return_to
                0x00000000403744ac        0x0 zephyr/arch/arch/xtensa/core/libarch__xtensa__core.a(vector_handlers.c.obj)
                                          0x8 (size before relaxing)
 .literal.xtensa_int2_c
                0x00000000403744ac        0x4 zephyr/arch/arch/xtensa/core/libarch__xtensa__core.a(vector_handlers.c.obj)
                                          0x8 (size before relaxing)
 .literal.xtensa_int3_c
                0x00000000403744b0        0x4 zephyr/arch/arch/xtensa/core/libarch__xtensa__core.a(vector_handlers.c.obj)
                                          0xc (size before relaxing)
 .literal.xtensa_int4_c
                0x00000000403744b4        0x0 zephyr/arch/arch/xtensa/core/libarch__xtensa__core.a(vector_handlers.c.obj)
                                          0x8 (size before relaxing)
 .literal.xtensa_int5_c
                0x00000000403744b4        0x0 zephyr/arch/arch/xtensa/core/libarch__xtensa__core.a(vector_handlers.c.obj)
                                          0x8 (size before relaxing)
 .literal.xtensa_int6_c
                0x00000000403744b4        0x0 zephyr/arch/arch/xtensa/core/libarch__xtensa__core.a(vector_handlers.c.obj)
                                          0x4 (size before relaxing)
 .literal.xtensa_int7_c
                0x00000000403744b4        0x0 zephyr/arch/arch/xtensa/core/libarch__xtensa__core.a(vector_handlers.c.obj)
                                          0x8 (size before relaxing)
 .literal.xtensa_excint1_c
                0x00000000403744b4        0x8 zephyr/arch/arch/xtensa/core/libarch__xtensa__core.a(vector_handlers.c.obj)
                                         0x18 (size before relaxing)
 .literal.z_impl_k_busy_wait
                0x00000000403744bc        0x0 zephyr/kernel/libkernel.a(busy_wait.c.obj)
                                          0x8 (size before relaxing)
 .literal.k_sys_fatal_error_handler
                0x00000000403744bc        0x0 zephyr/kernel/libkernel.a(fatal.c.obj)
                                          0x4 (size before relaxing)
 .literal.z_fatal_error
                0x00000000403744bc        0x0 zephyr/kernel/libkernel.a(fatal.c.obj)
                                          0xc (size before relaxing)
 .literal.z_sys_init_run_level
                0x00000000403744bc        0x4 zephyr/kernel/libkernel.a(init.c.obj)
 .literal.bg_thread_main
                0x00000000403744c0        0xc zephyr/kernel/libkernel.a(init.c.obj)
                                         0x1c (size before relaxing)
 .literal.z_early_memset
                0x00000000403744cc        0x0 zephyr/kernel/libkernel.a(init.c.obj)
                                          0x4 (size before relaxing)
 .literal.z_bss_zero
                0x00000000403744cc        0x8 zephyr/kernel/libkernel.a(init.c.obj)
                                          0xc (size before relaxing)
 .literal.z_init_cpu
                0x00000000403744d4       0x14 zephyr/kernel/libkernel.a(init.c.obj)
                                         0x1c (size before relaxing)
 .literal.z_cstart
                0x00000000403744e8        0xc zephyr/kernel/libkernel.a(init.c.obj)
                                         0x44 (size before relaxing)
 .literal.z_setup_new_thread
                0x00000000403744f4        0x0 zephyr/kernel/libkernel.a(thread.c.obj)
                                          0x8 (size before relaxing)
 .literal.z_init_static_threads
                0x00000000403744f4        0x8 zephyr/kernel/libkernel.a(thread.c.obj)
                                         0x20 (size before relaxing)
 .literal.sliceable
                0x00000000403744fc        0x8 zephyr/kernel/libkernel.a(sched.c.obj)
                                          0xc (size before relaxing)
 .literal.slice_timeout
                0x0000000040374504        0xc zephyr/kernel/libkernel.a(sched.c.obj)
 .literal.unpend_thread_no_timeout
                0x0000000040374510        0x0 zephyr/kernel/libkernel.a(sched.c.obj)
                                          0x4 (size before relaxing)
 .literal.z_reset_time_slice
                0x0000000040374510        0x4 zephyr/kernel/libkernel.a(sched.c.obj)
                                         0x20 (size before relaxing)
 .literal.z_swap_irqlock
                0x0000000040374514        0x0 zephyr/kernel/libkernel.a(sched.c.obj)
                                          0xc (size before relaxing)
 .literal.z_swap
                0x0000000040374514        0x4 zephyr/kernel/libkernel.a(sched.c.obj)
                                         0x10 (size before relaxing)
 .literal.update_cache
                0x0000000040374518        0x4 zephyr/kernel/libkernel.a(sched.c.obj)
                                          0xc (size before relaxing)
 .literal.move_thread_to_end_of_prio_q
                0x000000004037451c        0x0 zephyr/kernel/libkernel.a(sched.c.obj)
                                         0x10 (size before relaxing)
 .literal.ready_thread
                0x000000004037451c        0x0 zephyr/kernel/libkernel.a(sched.c.obj)
                                          0xc (size before relaxing)
 .literal.unready_thread
                0x000000004037451c        0x0 zephyr/kernel/libkernel.a(sched.c.obj)
                                          0xc (size before relaxing)
 .literal.add_to_waitq_locked
                0x000000004037451c        0x0 zephyr/kernel/libkernel.a(sched.c.obj)
                                          0x4 (size before relaxing)
 .literal.pend_locked
                0x000000004037451c        0x0 zephyr/kernel/libkernel.a(sched.c.obj)
                                          0xc (size before relaxing)
 .literal.z_thread_halt
                0x000000004037451c        0x0 zephyr/kernel/libkernel.a(sched.c.obj)
                                         0x28 (size before relaxing)
 .literal.z_time_slice
                0x000000004037451c        0x0 zephyr/kernel/libkernel.a(sched.c.obj)
                                         0x14 (size before relaxing)
 .literal.z_ready_thread
                0x000000004037451c        0x0 zephyr/kernel/libkernel.a(sched.c.obj)
                                          0x4 (size before relaxing)
 .literal.z_impl_k_thread_suspend
                0x000000004037451c        0x0 zephyr/kernel/libkernel.a(sched.c.obj)
                                          0x8 (size before relaxing)
 .literal.z_sched_wake_thread
                0x000000004037451c        0x0 zephyr/kernel/libkernel.a(sched.c.obj)
                                          0x8 (size before relaxing)
 .literal.z_thread_timeout
                0x000000004037451c        0x0 zephyr/kernel/libkernel.a(sched.c.obj)
                                          0x4 (size before relaxing)
 .literal.z_pend_curr
                0x000000004037451c        0x0 zephyr/kernel/libkernel.a(sched.c.obj)
                                         0x10 (size before relaxing)
 .literal.z_unpend_thread
                0x000000004037451c        0x0 zephyr/kernel/libkernel.a(sched.c.obj)
                                          0x8 (size before relaxing)
 .literal.z_reschedule
                0x000000004037451c        0x0 zephyr/kernel/libkernel.a(sched.c.obj)
                                          0x8 (size before relaxing)
 .literal.z_sched_start
                0x000000004037451c        0x0 zephyr/kernel/libkernel.a(sched.c.obj)
                                          0xc (size before relaxing)
 .literal.z_reschedule_irqlock
                0x000000004037451c        0x0 zephyr/kernel/libkernel.a(sched.c.obj)
                                          0x8 (size before relaxing)
 .literal.k_sched_lock
                0x000000004037451c        0x0 zephyr/kernel/libkernel.a(sched.c.obj)
                                          0x4 (size before relaxing)
 .literal.k_sched_unlock
                0x000000004037451c        0x0 zephyr/kernel/libkernel.a(sched.c.obj)
                                          0xc (size before relaxing)
 .literal.z_swap_next_thread
                0x000000004037451c        0x0 zephyr/kernel/libkernel.a(sched.c.obj)
                                          0x4 (size before relaxing)
 .literal.z_get_next_switch_handle
                0x000000004037451c        0x0 zephyr/kernel/libkernel.a(sched.c.obj)
                                          0x4 (size before relaxing)
 .literal.z_unpend_all
                0x000000004037451c        0x0 zephyr/kernel/libkernel.a(sched.c.obj)
                                          0x8 (size before relaxing)
 .literal.z_sched_init
                0x000000004037451c        0x0 zephyr/kernel/libkernel.a(sched.c.obj)
                                          0x8 (size before relaxing)
 .literal.z_impl_k_yield
                0x000000004037451c        0x0 zephyr/kernel/libkernel.a(sched.c.obj)
                                         0x18 (size before relaxing)
 .literal.z_tick_sleep
                0x000000004037451c        0x0 zephyr/kernel/libkernel.a(sched.c.obj)
                                         0x24 (size before relaxing)
 .literal.z_impl_k_sleep
                0x000000004037451c        0x4 zephyr/kernel/libkernel.a(sched.c.obj)
                                         0x10 (size before relaxing)
 .literal.z_impl_k_sched_current_thread_query
                0x0000000040374520        0x0 zephyr/kernel/libkernel.a(sched.c.obj)
                                          0x4 (size before relaxing)
 .literal.z_thread_abort
                0x0000000040374520        0x0 zephyr/kernel/libkernel.a(sched.c.obj)
                                          0x8 (size before relaxing)
 .literal.z_impl_k_thread_abort
                0x0000000040374520        0x0 zephyr/kernel/libkernel.a(sched.c.obj)
                                          0x4 (size before relaxing)
 .literal.idle  0x0000000040374520        0x0 zephyr/kernel/libkernel.a(idle.c.obj)
                                          0x4 (size before relaxing)
 .literal.elapsed
                0x0000000040374520        0x4 zephyr/kernel/libkernel.a(timeout.c.obj)
                                          0x8 (size before relaxing)
 .literal.next_timeout
                0x0000000040374524        0x8 zephyr/kernel/libkernel.a(timeout.c.obj)
                                         0x10 (size before relaxing)
 .literal.remove_timeout
                0x000000004037452c        0x0 zephyr/kernel/libkernel.a(timeout.c.obj)
                                          0x4 (size before relaxing)
 .literal.z_add_timeout
                0x000000004037452c        0x4 zephyr/kernel/libkernel.a(timeout.c.obj)
                                         0x14 (size before relaxing)
 .literal.z_abort_timeout
                0x0000000040374530        0x0 zephyr/kernel/libkernel.a(timeout.c.obj)
                                          0x4 (size before relaxing)
 .literal.sys_clock_announce
                0x0000000040374530        0x0 zephyr/kernel/libkernel.a(timeout.c.obj)
                                         0x1c (size before relaxing)
 .literal.sys_clock_tick_get
                0x0000000040374530        0x0 zephyr/kernel/libkernel.a(timeout.c.obj)
                                          0x8 (size before relaxing)
 .literal.sys_clock_tick_get_32
                0x0000000040374530        0x0 zephyr/kernel/libkernel.a(timeout.c.obj)
                                          0x4 (size before relaxing)
 .literal.z_impl_k_uptime_ticks
                0x0000000040374530        0x0 zephyr/kernel/libkernel.a(timeout.c.obj)
                                          0x4 (size before relaxing)
 .literal.sys_timepoint_calc
                0x0000000040374530        0x0 zephyr/kernel/libkernel.a(timeout.c.obj)
                                          0x4 (size before relaxing)
 .literal.sys_timepoint_timeout
                0x0000000040374530        0x0 zephyr/kernel/libkernel.a(timeout.c.obj)
                                          0x4 (size before relaxing)
 .literal.z_heap_aligned_alloc
                0x0000000040374530        0x0 zephyr/kernel/libkernel.a(mempool.c.obj)
                                          0x4 (size before relaxing)
 .literal.k_free
                0x0000000040374530        0x0 zephyr/kernel/libkernel.a(mempool.c.obj)
                                          0x4 (size before relaxing)
 .literal.k_aligned_alloc
                0x0000000040374530        0x4 zephyr/kernel/libkernel.a(mempool.c.obj)
                                          0x8 (size before relaxing)
 .literal.k_malloc
                0x0000000040374534        0x0 zephyr/kernel/libkernel.a(mempool.c.obj)
                                          0x4 (size before relaxing)
 .literal.k_thread_system_pool_assign
                0x0000000040374534        0x0 zephyr/kernel/libkernel.a(mempool.c.obj)
                                          0x4 (size before relaxing)
 .literal.boot_banner
                0x0000000040374534        0x4 zephyr/kernel/libkernel.a(banner.c.obj)
                                          0x8 (size before relaxing)
 .literal.k_heap_init
                0x0000000040374538        0x4 zephyr/kernel/libkernel.a(kheap.c.obj)
 .literal.statics_init
                0x000000004037453c        0x8 zephyr/kernel/libkernel.a(kheap.c.obj)
                                          0xc (size before relaxing)
 .literal.k_heap_aligned_alloc
                0x0000000040374544        0x4 zephyr/kernel/libkernel.a(kheap.c.obj)
                                         0x10 (size before relaxing)
 .literal.k_heap_free
                0x0000000040374548        0x4 zephyr/kernel/libkernel.a(kheap.c.obj)
                                          0xc (size before relaxing)
 .literal.spi_timing_config_set_core_clock
                0x000000004037454c        0x8 zephyr/libzephyr.a(spi_timing_config.c.obj)
 .literal.spi_timing_config_set_flash_clock
                0x0000000040374554        0x4 zephyr/libzephyr.a(spi_timing_config.c.obj)
                                          0xc (size before relaxing)
 .literal.spi_timing_config_set_psram_clock
                0x0000000040374558        0x0 zephyr/libzephyr.a(spi_timing_config.c.obj)
                                          0x8 (size before relaxing)
 .literal.spi_timing_enter_mspi_low_speed_mode
                0x0000000040374558        0x0 zephyr/libzephyr.a(spi_flash_timing_tuning.c.obj)
                                          0xc (size before relaxing)
 .literal.spi_timing_enter_mspi_high_speed_mode
                0x0000000040374558        0x0 zephyr/libzephyr.a(spi_flash_timing_tuning.c.obj)
                                         0x14 (size before relaxing)
 .literal.spi_timing_change_speed_mode_cache_safe
                0x0000000040374558       0x10 zephyr/libzephyr.a(spi_flash_timing_tuning.c.obj)
                                         0x18 (size before relaxing)
 .literal.esp_log_early_timestamp
                0x0000000040374568        0x0 zephyr/libzephyr.a(log_noos.c.obj)
                                          0x4 (size before relaxing)
 .literal.ccompare_isr
                0x0000000040374568        0x8 zephyr/drivers/timer/libdrivers__timer.a(xtensa_sys_timer.c.obj)
                                          0xc (size before relaxing)
 .literal.sys_clock_set_timeout
                0x0000000040374570        0xc zephyr/drivers/timer/libdrivers__timer.a(xtensa_sys_timer.c.obj)
                                         0x14 (size before relaxing)
 .literal.sys_clock_elapsed
                0x000000004037457c        0x0 zephyr/drivers/timer/libdrivers__timer.a(xtensa_sys_timer.c.obj)
                                          0x8 (size before relaxing)
 .literal.systimer_hal_init
                0x000000004037457c       0x10 zephyr/libzephyr.a(systimer_hal.c.obj)
 .literal.systimer_hal_select_alarm_mode
                0x000000004037458c        0x4 zephyr/libzephyr.a(systimer_hal.c.obj)
 .literal.systimer_hal_connect_alarm_counter
                0x0000000040374590        0x0 zephyr/libzephyr.a(systimer_hal.c.obj)
                                          0x4 (size before relaxing)
 .literal.char_out
                0x0000000040374590        0x4 zephyr/libzephyr.a(printk.c.obj)
 .literal.vprintk
                0x0000000040374594        0x4 zephyr/libzephyr.a(printk.c.obj)
                                          0xc (size before relaxing)
 .literal.printk
                0x0000000040374598        0x0 zephyr/libzephyr.a(printk.c.obj)
                                          0x4 (size before relaxing)
 .literal.console_out
                0x0000000040374598        0x4 zephyr/drivers/console/libdrivers__console.a(uart_console.c.obj)
 .literal.__start
                0x000000004037459c        0x0 zephyr/libzephyr.a(loader.c.obj)
                                          0x4 (size before relaxing)
 .literal.z_impl_zephyr_fputc
                0x000000004037459c        0x4 zephyr/lib/libc/picolibc/liblib__libc__picolibc.a(libc-hooks.c.obj)
 .literal.picolibc_put
                0x00000000403745a0        0x0 zephyr/lib/libc/picolibc/liblib__libc__picolibc.a(libc-hooks.c.obj)
                                          0x4 (size before relaxing)
 .literal.__stdout_hook_install
                0x00000000403745a0        0x4 zephyr/lib/libc/picolibc/liblib__libc__picolibc.a(libc-hooks.c.obj)
                                          0x8 (size before relaxing)
 .literal.printf
                0x00000000403745a4        0x4 c:\users\jcook\zephyr-sdk-0.16.5\xtensa-espressif_esp32s3_zephyr-elf\bin\../lib/gcc/../../picolibc/xtensa-espressif_esp32s3_zephyr-elf/lib\libc.a(libc_tinystdio_printf.c.o)
                                          0x8 (size before relaxing)
 .literal.__l_vfprintf
                0x00000000403745a8       0x14 c:\users\jcook\zephyr-sdk-0.16.5\xtensa-espressif_esp32s3_zephyr-elf\bin\../lib/gcc/../../picolibc/xtensa-espressif_esp32s3_zephyr-elf/lib\libc.a(libc_tinystdio_vflprintf.c.o)
                                         0x18 (size before relaxing)
 .iram1.3       0x00000000403745bc       0x8e zephyr/libzephyr.a(soc.c.obj)
                                         0x9a (size before relaxing)
                0x00000000403745bc                __esp_platform_start
 *fill*         0x000000004037464a        0x2 
 .iram1.4       0x000000004037464c       0x1b zephyr/libzephyr.a(soc.c.obj)
                0x000000004037464c                arch_printk_char_out
 *fill*         0x0000000040374667        0x1 
 .iram1.2       0x0000000040374668       0x1c zephyr/libzephyr.a(soc_cache.c.obj)
                0x0000000040374668                esp_config_instruction_cache_mode
 .iram1.3       0x0000000040374684       0x5e zephyr/libzephyr.a(soc_cache.c.obj)
                0x0000000040374684                esp_config_data_cache_mode
 *fill*         0x00000000403746e2        0x2 
 .iram1.1       0x00000000403746e4       0x2c zephyr/libzephyr.a(regi2c_ctrl.c.obj)
                0x00000000403746e4                regi2c_ctrl_read_reg_mask
 .iram1.2       0x0000000040374710       0x27 zephyr/libzephyr.a(regi2c_ctrl.c.obj)
                0x0000000040374710                regi2c_ctrl_write_reg
 *fill*         0x0000000040374737        0x1 
 .iram1.3       0x0000000040374738       0x2e zephyr/libzephyr.a(regi2c_ctrl.c.obj)
                0x0000000040374738                regi2c_ctrl_write_reg_mask
 *fill*         0x0000000040374766        0x2 
 .iram1.2       0x0000000040374768       0x11 zephyr/libzephyr.a(esp_clk.c.obj)
                0x0000000040374768                esp_clk_cpu_freq
 *fill*         0x0000000040374779        0x3 
 .iram1.3       0x000000004037477c       0x20 zephyr/libzephyr.a(esp_clk.c.obj)
                0x000000004037477c                esp_clk_apb_freq
 .iram1.0       0x000000004037479c       0x14 zephyr/libzephyr.a(esp_rom_uart.c.obj)
                0x000000004037479c                esp_rom_uart_set_clock_baudrate
 .iram1.1       0x00000000403747b0       0x1c zephyr/libzephyr.a(reset_reason.c.obj)
                0x00000000403747b0                esp_reset_reason_get_hint
 .iram1.2       0x00000000403747cc       0x3a zephyr/drivers/interrupt_controller/libdrivers__interrupt_controller.a(intc_esp32.c.obj)
 *fill*         0x0000000040374806        0x2 
 .iram1.5       0x0000000040374808       0xb2 zephyr/drivers/interrupt_controller/libdrivers__interrupt_controller.a(intc_esp32.c.obj)
                0x0000000040374808                esp_intr_disable
 *fill*         0x00000000403748ba        0x2 
 .iram1.2       0x00000000403748bc       0x6e zephyr/drivers/gpio/libdrivers__gpio.a(gpio_esp32.c.obj)
 *fill*         0x000000004037492a        0x2 
 .iram1.3       0x000000004037492c       0x11 zephyr/drivers/gpio/libdrivers__gpio.a(gpio_esp32.c.obj)
                                         0x17 (size before relaxing)
 *fill*         0x000000004037493d        0x0 
 *fill*         0x000000004037493d        0x0 
 *fill*         0x000000004037493d        0x0 
 *fill*         0x000000004037493d        0x0 
 *fill*         0x000000004037493d        0x0 
 *fill*         0x000000004037493d        0x0 
 *fill*         0x000000004037493d        0x0 
 *fill*         0x000000004037493d        0x0 
 *fill*         0x000000004037493d        0x0 
 *(SORT_BY_ALIGNMENT(.iram0.literal) SORT_BY_ALIGNMENT(.iram.literal) SORT_BY_ALIGNMENT(.iram.text.literal) SORT_BY_ALIGNMENT(.iram0.text) SORT_BY_ALIGNMENT(.iram.text))
 *fill*         0x000000004037493d        0x3 
 .iram0.text    0x0000000040374940       0x2d zephyr/arch/arch/xtensa/core/libarch__xtensa__core.a(xtensa_asm2_util.S.obj)
                0x0000000040374940                _Level1Vector
 *fill*         0x000000004037496d        0x0 
 *libesp32.a:panic.*(SORT_BY_ALIGNMENT(.literal) SORT_BY_ALIGNMENT(.text) SORT_BY_ALIGNMENT(.literal.*) SORT_BY_ALIGNMENT(.text.*))
 *librtc.a:(SORT_BY_ALIGNMENT(.literal) SORT_BY_ALIGNMENT(.text) SORT_BY_ALIGNMENT(.literal.*) SORT_BY_ALIGNMENT(.text.*))
 *libarch__xtensa__core.a:(SORT_BY_ALIGNMENT(.literal) SORT_BY_ALIGNMENT(.text) SORT_BY_ALIGNMENT(.literal.*) SORT_BY_ALIGNMENT(.text.*))
 *fill*         0x000000004037496d        0x3 
 .text.arch_cpu_idle
                0x0000000040374970        0xe zephyr/arch/arch/xtensa/core/libarch__xtensa__core.a(cpu_idle.c.obj)
                0x0000000040374970                arch_cpu_idle
 *fill*         0x000000004037497e        0x2 
 .text.xtensa_fatal_error
                0x0000000040374980       0x1e zephyr/arch/arch/xtensa/core/libarch__xtensa__core.a(fatal.c.obj)
                                         0x22 (size before relaxing)
                0x0000000040374980                xtensa_fatal_error
 *fill*         0x000000004037499e        0x2 
 .text          0x00000000403749a0      0x21c zephyr/arch/arch/xtensa/core/libarch__xtensa__core.a(xtensa_asm2_util.S.obj)
                0x00000000403749a0                xtensa_spill_reg_windows
                0x00000000403749c0                xtensa_save_high_regs
                0x0000000040374a08                xtensa_restore_high_regs
                0x0000000040374a3d                _restore_context
                0x0000000040374a74                xtensa_arch_except
                0x0000000040374a77                xtensa_arch_except_epc
                0x0000000040374a7c                xtensa_arch_kernel_oops
                0x0000000040374a7f                xtensa_arch_kernel_oops_epc
                0x0000000040374a84                xtensa_switch
 .text.z_irq_spurious
                0x0000000040374bbc       0x12 zephyr/arch/arch/xtensa/core/libarch__xtensa__core.a(irq_manage.c.obj)
                                         0x16 (size before relaxing)
                0x0000000040374bbc                z_irq_spurious
 *fill*         0x0000000040374bce        0x2 
 .text.arch_new_thread
                0x0000000040374bd0       0x38 zephyr/arch/arch/xtensa/core/libarch__xtensa__core.a(thread.c.obj)
                0x0000000040374bd0                arch_new_thread
 .text.return_to
                0x0000000040374c08       0x14 zephyr/arch/arch/xtensa/core/libarch__xtensa__core.a(vector_handlers.c.obj)
                                         0x18 (size before relaxing)
 .text.xtensa_int2_c
                0x0000000040374c1c       0x5a zephyr/arch/arch/xtensa/core/libarch__xtensa__core.a(vector_handlers.c.obj)
                0x0000000040374c1c                xtensa_int2_c
 *fill*         0x0000000040374c76        0x2 
 .text.xtensa_int3_c
                0x0000000040374c78       0x82 zephyr/arch/arch/xtensa/core/libarch__xtensa__core.a(vector_handlers.c.obj)
                0x0000000040374c78                xtensa_int3_c
 *fill*         0x0000000040374cfa        0x2 
 .text.xtensa_int4_c
                0x0000000040374cfc       0x6a zephyr/arch/arch/xtensa/core/libarch__xtensa__core.a(vector_handlers.c.obj)
                0x0000000040374cfc                xtensa_int4_c
 *fill*         0x0000000040374d66        0x2 
 .text.xtensa_int5_c
                0x0000000040374d68       0x5e zephyr/arch/arch/xtensa/core/libarch__xtensa__core.a(vector_handlers.c.obj)
                0x0000000040374d68                xtensa_int5_c
 *fill*         0x0000000040374dc6        0x2 
 .text.xtensa_int6_c
                0x0000000040374dc8       0x15 zephyr/arch/arch/xtensa/core/libarch__xtensa__core.a(vector_handlers.c.obj)
                0x0000000040374dc8                xtensa_int6_c
 *fill*         0x0000000040374ddd        0x3 
 .text.xtensa_int7_c
                0x0000000040374de0       0x36 zephyr/arch/arch/xtensa/core/libarch__xtensa__core.a(vector_handlers.c.obj)
                0x0000000040374de0                xtensa_int7_c
 *fill*         0x0000000040374e16        0x2 
 .text.xtensa_excint1_c
                0x0000000040374e18      0x188 zephyr/arch/arch/xtensa/core/libarch__xtensa__core.a(vector_handlers.c.obj)
                                        0x18c (size before relaxing)
                0x0000000040374e18                xtensa_excint1_c
 *fill*         0x0000000040374fa0        0x0 
 *fill*         0x0000000040374fa0        0x0 
 *fill*         0x0000000040374fa0        0x0 
 *fill*         0x0000000040374fa0        0x0 
 .text.xtensa_dump_stack
                0x0000000040374fa0        0x5 zephyr/arch/arch/xtensa/core/libarch__xtensa__core.a(vector_handlers.c.obj)
                0x0000000040374fa0                xtensa_dump_stack
 *fill*         0x0000000040374fa5        0x0 
 *fill*         0x0000000040374fa5        0x0 
 *fill*         0x0000000040374fa5        0x0 
 *fill*         0x0000000040374fa5        0x0 
 *fill*         0x0000000040374fa5        0x0 
 *fill*         0x0000000040374fa5        0x0 
 *fill*         0x0000000040374fa5        0x0 
 *libkernel.a:(SORT_BY_ALIGNMENT(.literal) SORT_BY_ALIGNMENT(.text) SORT_BY_ALIGNMENT(.literal.*) SORT_BY_ALIGNMENT(.text.*))
 *fill*         0x0000000040374fa5        0x3 
 .text.z_impl_k_busy_wait
                0x0000000040374fa8       0x1f zephyr/kernel/libkernel.a(busy_wait.c.obj)
                                         0x26 (size before relaxing)
                0x0000000040374fa8                z_impl_k_busy_wait
 *fill*         0x0000000040374fc7        0x1 
 .text.k_sys_fatal_error_handler
                0x0000000040374fc8        0x8 zephyr/kernel/libkernel.a(fatal.c.obj)
                                          0xc (size before relaxing)
                0x0000000040374fc8                k_sys_fatal_error_handler
 .text.z_fatal_error
                0x0000000040374fd0       0x22 zephyr/kernel/libkernel.a(fatal.c.obj)
                                         0x26 (size before relaxing)
                0x0000000040374fd0                z_fatal_error
 *fill*         0x0000000040374ff2        0x2 
 .text.z_sys_init_run_level
                0x0000000040374ff4       0x4b zephyr/kernel/libkernel.a(init.c.obj)
 *fill*         0x000000004037503f        0x1 
 .text.bg_thread_main
                0x0000000040375040       0x32 zephyr/kernel/libkernel.a(init.c.obj)
                                         0x3e (size before relaxing)
 *fill*         0x0000000040375072        0x2 
 .text.z_early_memset
                0x0000000040375074       0x12 zephyr/kernel/libkernel.a(init.c.obj)
                0x0000000040375074                z_early_memset
 *fill*         0x0000000040375086        0x2 
 .text.z_bss_zero
                0x0000000040375088       0x13 zephyr/kernel/libkernel.a(init.c.obj)
                                         0x16 (size before relaxing)
                0x0000000040375088                z_bss_zero
 *fill*         0x000000004037509b        0x1 
 .text.z_init_cpu
                0x000000004037509c       0x6d zephyr/kernel/libkernel.a(init.c.obj)
                                         0x71 (size before relaxing)
                0x000000004037509c                z_init_cpu
 *fill*         0x0000000040375109        0x3 
 .text.z_cstart
                0x000000004037510c       0x97 zephyr/kernel/libkernel.a(init.c.obj)
                                         0xbb (size before relaxing)
                0x000000004037510c                z_cstart
 *fill*         0x00000000403751a3        0x1 
 .text.z_setup_new_thread
                0x00000000403751a4       0x51 zephyr/kernel/libkernel.a(thread.c.obj)
                                         0x55 (size before relaxing)
                0x00000000403751a4                z_setup_new_thread
 *fill*         0x00000000403751f5        0x3 
 .text.z_init_static_threads
                0x00000000403751f8       0x70 zephyr/kernel/libkernel.a(thread.c.obj)
                                         0x7a (size before relaxing)
                0x00000000403751f8                z_init_static_threads
 *fill*         0x0000000040375268        0x0 
 .text.sliceable
                0x0000000040375268       0x45 zephyr/kernel/libkernel.a(sched.c.obj)
 *fill*         0x00000000403752ad        0x3 
 .text.slice_timeout
                0x00000000403752b0       0x1e zephyr/kernel/libkernel.a(sched.c.obj)
 *fill*         0x00000000403752ce        0x2 
 .text.unpend_thread_no_timeout
                0x00000000403752d0       0x19 zephyr/kernel/libkernel.a(sched.c.obj)
                                         0x1d (size before relaxing)
 *fill*         0x00000000403752e9        0x3 
 .text.z_reset_time_slice
                0x00000000403752ec       0x3f zephyr/kernel/libkernel.a(sched.c.obj)
                                         0x47 (size before relaxing)
                0x00000000403752ec                z_reset_time_slice
 *fill*         0x000000004037532b        0x1 
 .text.z_swap_irqlock
                0x000000004037532c       0x35 zephyr/kernel/libkernel.a(sched.c.obj)
                                         0x39 (size before relaxing)
 *fill*         0x0000000040375361        0x3 
 .text.z_swap   0x0000000040375364       0x3a zephyr/kernel/libkernel.a(sched.c.obj)
                                         0x3e (size before relaxing)
 *fill*         0x000000004037539e        0x2 
 .text.update_cache
                0x00000000403753a0       0x4a zephyr/kernel/libkernel.a(sched.c.obj)
 *fill*         0x00000000403753ea        0x2 
 .text.move_thread_to_end_of_prio_q
                0x00000000403753ec       0x78 zephyr/kernel/libkernel.a(sched.c.obj)
                                         0x7c (size before relaxing)
 .text.ready_thread
                0x0000000040375464       0x6e zephyr/kernel/libkernel.a(sched.c.obj)
 *fill*         0x00000000403754d2        0x2 
 .text.unready_thread
                0x00000000403754d4       0x2e zephyr/kernel/libkernel.a(sched.c.obj)
                                         0x32 (size before relaxing)
 *fill*         0x0000000040375502        0x2 
 .text.add_to_waitq_locked
                0x0000000040375504       0x58 zephyr/kernel/libkernel.a(sched.c.obj)
                                         0x5c (size before relaxing)
 .text.pend_locked
                0x000000004037555c       0x22 zephyr/kernel/libkernel.a(sched.c.obj)
                                         0x26 (size before relaxing)
 *fill*         0x000000004037557e        0x2 
 .text.z_thread_halt
                0x0000000040375580       0xa0 zephyr/kernel/libkernel.a(sched.c.obj)
                                         0xb4 (size before relaxing)
 .text.z_time_slice
                0x0000000040375620       0x3b zephyr/kernel/libkernel.a(sched.c.obj)
                                         0x42 (size before relaxing)
                0x0000000040375620                z_time_slice
 *fill*         0x000000004037565b        0x1 
 .text.z_ready_thread
                0x000000004037565c       0x13 zephyr/kernel/libkernel.a(sched.c.obj)
                                         0x16 (size before relaxing)
                0x000000004037565c                z_ready_thread
 *fill*         0x000000004037566f        0x1 
 .text.z_impl_k_thread_suspend
                0x0000000040375670       0x29 zephyr/kernel/libkernel.a(sched.c.obj)
                                         0x2c (size before relaxing)
                0x0000000040375670                z_impl_k_thread_suspend
 *fill*         0x0000000040375699        0x3 
 .text.z_sched_wake_thread
                0x000000004037569c       0x39 zephyr/kernel/libkernel.a(sched.c.obj)
                                         0x40 (size before relaxing)
                0x000000004037569c                z_sched_wake_thread
 *fill*         0x00000000403756d5        0x3 
 .text.z_thread_timeout
                0x00000000403756d8        0xd zephyr/kernel/libkernel.a(sched.c.obj)
                                         0x10 (size before relaxing)
                0x00000000403756d8                z_thread_timeout
 *fill*         0x00000000403756e5        0x3 
 .text.z_pend_curr
                0x00000000403756e8       0x20 zephyr/kernel/libkernel.a(sched.c.obj)
                                         0x28 (size before relaxing)
                0x00000000403756e8                z_pend_curr
 .text.z_unpend_thread
                0x0000000040375708       0x1e zephyr/kernel/libkernel.a(sched.c.obj)
                                         0x26 (size before relaxing)
                0x0000000040375708                z_unpend_thread
 *fill*         0x0000000040375726        0x2 
 .text.z_reschedule
                0x0000000040375728       0x2c zephyr/kernel/libkernel.a(sched.c.obj)
                                         0x30 (size before relaxing)
                0x0000000040375728                z_reschedule
 .text.z_sched_start
                0x0000000040375754       0x32 zephyr/kernel/libkernel.a(sched.c.obj)
                                         0x36 (size before relaxing)
                0x0000000040375754                z_sched_start
 *fill*         0x0000000040375786        0x2 
 .text.z_reschedule_irqlock
                0x0000000040375788       0x2c zephyr/kernel/libkernel.a(sched.c.obj)
                0x0000000040375788                z_reschedule_irqlock
 .text.k_sched_lock
                0x00000000403757b4       0x1b zephyr/kernel/libkernel.a(sched.c.obj)
                0x00000000403757b4                k_sched_lock
 *fill*         0x00000000403757cf        0x1 
 .text.k_sched_unlock
                0x00000000403757d0       0x26 zephyr/kernel/libkernel.a(sched.c.obj)
                                         0x2e (size before relaxing)
                0x00000000403757d0                k_sched_unlock
 *fill*         0x00000000403757f6        0x2 
 .text.z_swap_next_thread
                0x00000000403757f8        0xa zephyr/kernel/libkernel.a(sched.c.obj)
                0x00000000403757f8                z_swap_next_thread
 *fill*         0x0000000040375802        0x2 
 .text.z_get_next_switch_handle
                0x0000000040375804       0x14 zephyr/kernel/libkernel.a(sched.c.obj)
                0x0000000040375804                z_get_next_switch_handle
 .text.z_unpend_all
                0x0000000040375818       0x24 zephyr/kernel/libkernel.a(sched.c.obj)
                                         0x28 (size before relaxing)
                0x0000000040375818                z_unpend_all
 .text.z_sched_init
                0x000000004037583c        0xf zephyr/kernel/libkernel.a(sched.c.obj)
                0x000000004037583c                z_sched_init
 *fill*         0x000000004037584b        0x1 
 .text.z_impl_k_yield
                0x000000004037584c       0x7a zephyr/kernel/libkernel.a(sched.c.obj)
                                         0x7e (size before relaxing)
                0x000000004037584c                z_impl_k_yield
 *fill*         0x00000000403758c6        0x2 
 .text.z_tick_sleep
                0x00000000403758c8       0x6a zephyr/kernel/libkernel.a(sched.c.obj)
                                         0x7a (size before relaxing)
 *fill*         0x0000000040375932        0x2 
 .text.z_impl_k_sleep
                0x0000000040375934       0x42 zephyr/kernel/libkernel.a(sched.c.obj)
                0x0000000040375934                z_impl_k_sleep
 *fill*         0x0000000040375976        0x2 
 .text.z_impl_k_sched_current_thread_query
                0x0000000040375978        0xa zephyr/kernel/libkernel.a(sched.c.obj)
                0x0000000040375978                z_impl_k_sched_current_thread_query
 *fill*         0x0000000040375982        0x2 
 .text.z_thread_abort
                0x0000000040375984       0x2f zephyr/kernel/libkernel.a(sched.c.obj)
                                         0x36 (size before relaxing)
                0x0000000040375984                z_thread_abort
 *fill*         0x00000000403759b3        0x1 
 .text.z_impl_k_thread_abort
                0x00000000403759b4        0xa zephyr/kernel/libkernel.a(sched.c.obj)
                                          0xe (size before relaxing)
                0x00000000403759b4                z_impl_k_thread_abort
 *fill*         0x00000000403759be        0x2 
 .text.idle     0x00000000403759c0        0xc zephyr/kernel/libkernel.a(idle.c.obj)
                                          0xf (size before relaxing)
                0x00000000403759c0                idle
 *fill*         0x00000000403759cc        0x0 
 .text.elapsed  0x00000000403759cc       0x14 zephyr/kernel/libkernel.a(timeout.c.obj)
                                         0x18 (size before relaxing)
 .text.next_timeout
                0x00000000403759e0       0x4b zephyr/kernel/libkernel.a(timeout.c.obj)
 *fill*         0x0000000040375a2b        0x1 
 .text.remove_timeout
                0x0000000040375a2c       0x3a zephyr/kernel/libkernel.a(timeout.c.obj)
 *fill*         0x0000000040375a66        0x2 
 .text.z_add_timeout
                0x0000000040375a68      0x104 zephyr/kernel/libkernel.a(timeout.c.obj)
                                        0x10c (size before relaxing)
                0x0000000040375a68                z_add_timeout
 .text.z_abort_timeout
                0x0000000040375b6c       0x1e zephyr/kernel/libkernel.a(timeout.c.obj)
                                         0x22 (size before relaxing)
                0x0000000040375b6c                z_abort_timeout
 *fill*         0x0000000040375b8a        0x2 
 .text.sys_clock_announce
                0x0000000040375b8c       0xd5 zephyr/kernel/libkernel.a(timeout.c.obj)
                                         0xdd (size before relaxing)
                0x0000000040375b8c                sys_clock_announce
 *fill*         0x0000000040375c61        0x3 
 .text.sys_clock_tick_get
                0x0000000040375c64       0x28 zephyr/kernel/libkernel.a(timeout.c.obj)
                                         0x2c (size before relaxing)
                0x0000000040375c64                sys_clock_tick_get
 .text.sys_clock_tick_get_32
                0x0000000040375c8c        0xa zephyr/kernel/libkernel.a(timeout.c.obj)
                                          0xd (size before relaxing)
                0x0000000040375c8c                sys_clock_tick_get_32
 *fill*         0x0000000040375c96        0x2 
 .text.z_impl_k_uptime_ticks
                0x0000000040375c98        0xf zephyr/kernel/libkernel.a(timeout.c.obj)
                0x0000000040375c98                z_impl_k_uptime_ticks
 *fill*         0x0000000040375ca7        0x1 
 .text.sys_timepoint_calc
                0x0000000040375ca8       0x4a zephyr/kernel/libkernel.a(timeout.c.obj)
                                         0x4e (size before relaxing)
                0x0000000040375ca8                sys_timepoint_calc
 *fill*         0x0000000040375cf2        0x2 
 .text.sys_timepoint_timeout
                0x0000000040375cf4       0x4a zephyr/kernel/libkernel.a(timeout.c.obj)
                0x0000000040375cf4                sys_timepoint_timeout
 *fill*         0x0000000040375d3e        0x2 
 .text.z_heap_aligned_alloc
                0x0000000040375d40       0x25 zephyr/kernel/libkernel.a(mempool.c.obj)
                                         0x29 (size before relaxing)
 *fill*         0x0000000040375d65        0x3 
 .text.k_free   0x0000000040375d68       0x14 zephyr/kernel/libkernel.a(mempool.c.obj)
                0x0000000040375d68                k_free
 .text.k_aligned_alloc
                0x0000000040375d7c       0x14 zephyr/kernel/libkernel.a(mempool.c.obj)
                0x0000000040375d7c                k_aligned_alloc
 .text.k_malloc
                0x0000000040375d90       0x11 zephyr/kernel/libkernel.a(mempool.c.obj)
                0x0000000040375d90                k_malloc
 *fill*         0x0000000040375da1        0x3 
 .text.k_thread_system_pool_assign
                0x0000000040375da4        0xb zephyr/kernel/libkernel.a(mempool.c.obj)
                0x0000000040375da4                k_thread_system_pool_assign
 *fill*         0x0000000040375daf        0x1 
 .text.boot_banner
                0x0000000040375db0        0xb zephyr/kernel/libkernel.a(banner.c.obj)
                                          0xe (size before relaxing)
                0x0000000040375db0                boot_banner
 *fill*         0x0000000040375dbb        0x1 
 .text.k_heap_init
                0x0000000040375dbc       0x17 zephyr/kernel/libkernel.a(kheap.c.obj)
                0x0000000040375dbc                k_heap_init
 *fill*         0x0000000040375dd3        0x1 
 .text.statics_init
                0x0000000040375dd4       0x22 zephyr/kernel/libkernel.a(kheap.c.obj)
 *fill*         0x0000000040375df6        0x2 
 .text.k_heap_aligned_alloc
                0x0000000040375df8       0x5a zephyr/kernel/libkernel.a(kheap.c.obj)
                                         0x62 (size before relaxing)
                0x0000000040375df8                k_heap_aligned_alloc
 *fill*         0x0000000040375e52        0x2 
 .text.k_heap_free
                0x0000000040375e54       0x2c zephyr/kernel/libkernel.a(kheap.c.obj)
                                         0x30 (size before relaxing)
                0x0000000040375e54                k_heap_free
 *fill*         0x0000000040375e80        0x0 
 .text.z_device_state_init
                0x0000000040375e80        0x5 zephyr/kernel/libkernel.a(device.c.obj)
                0x0000000040375e80                z_device_state_init
 *fill*         0x0000000040375e85        0x3 
 .text.z_device_is_ready
                0x0000000040375e88       0x1a zephyr/kernel/libkernel.a(device.c.obj)
                0x0000000040375e88                z_device_is_ready
 *fill*         0x0000000040375ea2        0x2 
 .text.arch_system_halt
                0x0000000040375ea4        0x9 zephyr/kernel/libkernel.a(fatal.c.obj)
                0x0000000040375ea4                arch_system_halt
 *fill*         0x0000000040375ead        0x0 
 *fill*         0x0000000040375ead        0x0 
 *fill*         0x0000000040375ead        0x0 
 *fill*         0x0000000040375ead        0x0 
 *fill*         0x0000000040375ead        0x0 
 *fill*         0x0000000040375ead        0x0 
 *fill*         0x0000000040375ead        0x0 
 *fill*         0x0000000040375ead        0x0 
 *fill*         0x0000000040375ead        0x0 
 *fill*         0x0000000040375ead        0x3 
 .text.sys_dlist_remove
                0x0000000040375eb0       0x13 zephyr/kernel/libkernel.a(sched.c.obj)
 *fill*         0x0000000040375ec3        0x0 
 *fill*         0x0000000040375ec3        0x0 
 *fill*         0x0000000040375ec3        0x0 
 *fill*         0x0000000040375ec3        0x0 
 *fill*         0x0000000040375ec3        0x0 
 *fill*         0x0000000040375ec3        0x0 
 *fill*         0x0000000040375ec3        0x0 
 *fill*         0x0000000040375ec3        0x0 
 *fill*         0x0000000040375ec3        0x0 
 *fill*         0x0000000040375ec3        0x0 
 *fill*         0x0000000040375ec3        0x0 
 *fill*         0x0000000040375ec3        0x0 
 *fill*         0x0000000040375ec3        0x0 
 *fill*         0x0000000040375ec3        0x0 
 *fill*         0x0000000040375ec3        0x0 
 *fill*         0x0000000040375ec3        0x0 
 *fill*         0x0000000040375ec3        0x0 
 *fill*         0x0000000040375ec3        0x0 
 *fill*         0x0000000040375ec3        0x0 
 *fill*         0x0000000040375ec3        0x0 
 *fill*         0x0000000040375ec3        0x0 
 *fill*         0x0000000040375ec3        0x0 
 *fill*         0x0000000040375ec3        0x0 
 *fill*         0x0000000040375ec3        0x0 
 *fill*         0x0000000040375ec3        0x0 
 *fill*         0x0000000040375ec3        0x0 
 *fill*         0x0000000040375ec3        0x0 
 *fill*         0x0000000040375ec3        0x0 
 *fill*         0x0000000040375ec3        0x0 
 *fill*         0x0000000040375ec3        0x0 
 *fill*         0x0000000040375ec3        0x0 
 *fill*         0x0000000040375ec3        0x0 
 *fill*         0x0000000040375ec3        0x0 
 *fill*         0x0000000040375ec3        0x0 
 *fill*         0x0000000040375ec3        0x0 
 *fill*         0x0000000040375ec3        0x0 
 *fill*         0x0000000040375ec3        0x0 
 *fill*         0x0000000040375ec3        0x0 
 *fill*         0x0000000040375ec3        0x0 
 *fill*         0x0000000040375ec3        0x0 
 *fill*         0x0000000040375ec3        0x0 
 *libsoc.a:rtc_*.*(SORT_BY_ALIGNMENT(.literal) SORT_BY_ALIGNMENT(.text) SORT_BY_ALIGNMENT(.literal.*) SORT_BY_ALIGNMENT(.text.*))
 *libsoc.a:cpu_util.*(SORT_BY_ALIGNMENT(.literal) SORT_BY_ALIGNMENT(.text) SORT_BY_ALIGNMENT(.literal.*) SORT_BY_ALIGNMENT(.text.*))
 *libgcc.a:lib2funcs.*(SORT_BY_ALIGNMENT(.literal) SORT_BY_ALIGNMENT(.text) SORT_BY_ALIGNMENT(.literal.*) SORT_BY_ALIGNMENT(.text.*))
 *libzephyr.a:spiram*.*(SORT_BY_ALIGNMENT(.literal) SORT_BY_ALIGNMENT(.text) SORT_BY_ALIGNMENT(.literal.*) SORT_BY_ALIGNMENT(.text.*))
 *libzephyr.a:spi_timing*.*(SORT_BY_ALIGNMENT(.literal) SORT_BY_ALIGNMENT(.text) SORT_BY_ALIGNMENT(.literal.*) SORT_BY_ALIGNMENT(.text.*))
 *fill*         0x0000000040375ec3        0x1 
 .text.spi_timing_config_set_core_clock
                0x0000000040375ec4       0x32 zephyr/libzephyr.a(spi_timing_config.c.obj)
                0x0000000040375ec4                spi_timing_config_set_core_clock
 *fill*         0x0000000040375ef6        0x2 
 .text.spi_timing_config_set_flash_clock
                0x0000000040375ef8       0x3a zephyr/libzephyr.a(spi_timing_config.c.obj)
                0x0000000040375ef8                spi_timing_config_set_flash_clock
 *fill*         0x0000000040375f32        0x2 
 .text.spi_timing_config_set_psram_clock
                0x0000000040375f34       0x33 zephyr/libzephyr.a(spi_timing_config.c.obj)
                0x0000000040375f34                spi_timing_config_set_psram_clock
 *fill*         0x0000000040375f67        0x1 
 .text.spi_timing_config_get_core_clock
                0x0000000040375f68        0x7 zephyr/libzephyr.a(spi_timing_config.c.obj)
                0x0000000040375f68                spi_timing_config_get_core_clock
 *fill*         0x0000000040375f6f        0x0 
 *fill*         0x0000000040375f6f        0x0 
 *fill*         0x0000000040375f6f        0x0 
 *libzephyr.a:spi_flash*.*(SORT_BY_ALIGNMENT(.literal) SORT_BY_ALIGNMENT(.text) SORT_BY_ALIGNMENT(.literal.*) SORT_BY_ALIGNMENT(.text.*))
 *fill*         0x0000000040375f6f        0x1 
 .text.spi_timing_enter_mspi_low_speed_mode
                0x0000000040375f70       0x20 zephyr/libzephyr.a(spi_flash_timing_tuning.c.obj)
                                         0x28 (size before relaxing)
                0x0000000040375f70                spi_timing_enter_mspi_low_speed_mode
 .text.spi_timing_enter_mspi_high_speed_mode
                0x0000000040375f90       0x2e zephyr/libzephyr.a(spi_flash_timing_tuning.c.obj)
                                         0x3a (size before relaxing)
                0x0000000040375f90                spi_timing_enter_mspi_high_speed_mode
 *fill*         0x0000000040375fbe        0x2 
 .text.spi_timing_change_speed_mode_cache_safe
                0x0000000040375fc0       0x37 zephyr/libzephyr.a(spi_flash_timing_tuning.c.obj)
                                         0x3e (size before relaxing)
                0x0000000040375fc0                spi_timing_change_speed_mode_cache_safe
 *fill*         0x0000000040375ff7        0x0 
 *fill*         0x0000000040375ff7        0x0 
 *libdrivers__flash.a:flash_esp32.*(SORT_BY_ALIGNMENT(.literal) SORT_BY_ALIGNMENT(.text) SORT_BY_ALIGNMENT(.literal.*) SORT_BY_ALIGNMENT(.text.*))
 *libzephyr.a:windowspill_asm.*(SORT_BY_ALIGNMENT(.literal) SORT_BY_ALIGNMENT(.text) SORT_BY_ALIGNMENT(.literal.*) SORT_BY_ALIGNMENT(.text.*))
 *libzephyr.a:log_noos.*(SORT_BY_ALIGNMENT(.literal) SORT_BY_ALIGNMENT(.text) SORT_BY_ALIGNMENT(.literal.*) SORT_BY_ALIGNMENT(.text.*))
 *fill*         0x0000000040375ff7        0x1 
 .text.esp_log_early_timestamp
                0x0000000040375ff8       0x1d zephyr/libzephyr.a(log_noos.c.obj)
                0x0000000040375ff8                esp_log_early_timestamp
                0x0000000040375ff8                esp_log_timestamp
 *fill*         0x0000000040376015        0x0 
 *libdrivers__timer.a:xtensa_sys_timer.*(SORT_BY_ALIGNMENT(.literal) SORT_BY_ALIGNMENT(.text) SORT_BY_ALIGNMENT(.literal.*) SORT_BY_ALIGNMENT(.text.*))
 *fill*         0x0000000040376015        0x3 
 .text.ccompare_isr
                0x0000000040376018       0x32 zephyr/drivers/timer/libdrivers__timer.a(xtensa_sys_timer.c.obj)
                                         0x36 (size before relaxing)
 *fill*         0x000000004037604a        0x2 
 .text.sys_clock_set_timeout
                0x000000004037604c       0x68 zephyr/drivers/timer/libdrivers__timer.a(xtensa_sys_timer.c.obj)
                0x000000004037604c                sys_clock_set_timeout
 .text.sys_clock_elapsed
                0x00000000403760b4       0x22 zephyr/drivers/timer/libdrivers__timer.a(xtensa_sys_timer.c.obj)
                0x00000000403760b4                sys_clock_elapsed
 *fill*         0x00000000403760d6        0x0 
 *fill*         0x00000000403760d6        0x2 
 .text.sys_clock_driver_init
                0x00000000403760d8       0x23 zephyr/drivers/timer/libdrivers__timer.a(xtensa_sys_timer.c.obj)
 *fill*         0x00000000403760fb        0x0 
 *fill*         0x00000000403760fb        0x1 
 .text.sys_clock_cycle_get_32
                0x00000000403760fc        0x8 zephyr/drivers/timer/libdrivers__timer.a(xtensa_sys_timer.c.obj)
                0x00000000403760fc                sys_clock_cycle_get_32
 *libzephyr.a:systimer_hal.*(SORT_BY_ALIGNMENT(.literal) SORT_BY_ALIGNMENT(.text) SORT_BY_ALIGNMENT(.literal.*) SORT_BY_ALIGNMENT(.text.*))
 .text.systimer_hal_init
                0x0000000040376104       0x46 zephyr/libzephyr.a(systimer_hal.c.obj)
                0x0000000040376104                systimer_hal_init
 *fill*         0x000000004037614a        0x2 
 .text.systimer_hal_select_alarm_mode
                0x000000004037614c       0x3f zephyr/libzephyr.a(systimer_hal.c.obj)
                0x000000004037614c                systimer_hal_select_alarm_mode
 *fill*         0x000000004037618b        0x1 
 .text.systimer_hal_connect_alarm_counter
                0x000000004037618c       0x22 zephyr/libzephyr.a(systimer_hal.c.obj)
                0x000000004037618c                systimer_hal_connect_alarm_counter
 *fill*         0x00000000403761ae        0x2 
 .text.systimer_hal_enable_counter
                0x00000000403761b0       0x21 zephyr/libzephyr.a(systimer_hal.c.obj)
                0x00000000403761b0                systimer_hal_enable_counter
 *fill*         0x00000000403761d1        0x0 
 *fill*         0x00000000403761d1        0x0 
 *libzephyr.a:log_core.*(SORT_BY_ALIGNMENT(.literal) SORT_BY_ALIGNMENT(.text) SORT_BY_ALIGNMENT(.literal.*) SORT_BY_ALIGNMENT(.text.*))
 *libzephyr.a:cbprintf_complete.*(SORT_BY_ALIGNMENT(.literal) SORT_BY_ALIGNMENT(.text) SORT_BY_ALIGNMENT(.literal.*) SORT_BY_ALIGNMENT(.text.*))
 *libzephyr.a:printk.*(SORT_BY_ALIGNMENT(.literal.printk) SORT_BY_ALIGNMENT(.literal.vprintk) SORT_BY_ALIGNMENT(.literal.char_out) SORT_BY_ALIGNMENT(.text.printk) SORT_BY_ALIGNMENT(.text.vprintk) SORT_BY_ALIGNMENT(.text.char_out))
 *fill*         0x00000000403761d1        0x3 
 .text.char_out
                0x00000000403761d4       0x11 zephyr/libzephyr.a(printk.c.obj)
 *fill*         0x00000000403761e5        0x3 
 .text.vprintk  0x00000000403761e8       0x28 zephyr/libzephyr.a(printk.c.obj)
                                         0x2c (size before relaxing)
                0x00000000403761e8                vprintk
 .text.printk   0x0000000040376210       0x22 zephyr/libzephyr.a(printk.c.obj)
                                         0x26 (size before relaxing)
                0x0000000040376210                printk
 *fill*         0x0000000040376232        0x0 
 *fill*         0x0000000040376232        0x0 
 *libzephyr.a:log_msg.*(SORT_BY_ALIGNMENT(.literal) SORT_BY_ALIGNMENT(.text) SORT_BY_ALIGNMENT(.literal.*) SORT_BY_ALIGNMENT(.text.*))
 *libzephyr.a:log_list.*(SORT_BY_ALIGNMENT(.literal) SORT_BY_ALIGNMENT(.text) SORT_BY_ALIGNMENT(.literal.*) SORT_BY_ALIGNMENT(.text.*))
 *libdrivers__console.a:uart_console.*(SORT_BY_ALIGNMENT(.literal.console_out) SORT_BY_ALIGNMENT(.text.console_out))
 *fill*         0x0000000040376232        0x2 
 .text.console_out
                0x0000000040376234       0x22 zephyr/drivers/console/libdrivers__console.a(uart_console.c.obj)
 *fill*         0x0000000040376256        0x0 
 *libzephyr.a:log_output.*(SORT_BY_ALIGNMENT(.literal) SORT_BY_ALIGNMENT(.text) SORT_BY_ALIGNMENT(.literal.*) SORT_BY_ALIGNMENT(.text.*))
 *libzephyr.a:log_backend_uart.*(SORT_BY_ALIGNMENT(.literal) SORT_BY_ALIGNMENT(.text) SORT_BY_ALIGNMENT(.literal.*) SORT_BY_ALIGNMENT(.text.*))
 *libzephyr.a:loader.*(SORT_BY_ALIGNMENT(.literal) SORT_BY_ALIGNMENT(.text) SORT_BY_ALIGNMENT(.literal.*) SORT_BY_ALIGNMENT(.text.*))
 *fill*         0x0000000040376256        0x2 
 .text.__start  0x0000000040376258        0x8 zephyr/libzephyr.a(loader.c.obj)
                                          0xb (size before relaxing)
                0x0000000040376258                __start
 *fill*         0x0000000040376260        0x0 
 *liblib__libc__minimal.a:string.*(SORT_BY_ALIGNMENT(.literal) SORT_BY_ALIGNMENT(.text) SORT_BY_ALIGNMENT(.literal.*) SORT_BY_ALIGNMENT(.text.*))
 *liblib__libc__newlib.a:string.*(SORT_BY_ALIGNMENT(.literal) SORT_BY_ALIGNMENT(.text) SORT_BY_ALIGNMENT(.literal.*) SORT_BY_ALIGNMENT(.text.*))
 *libc.a:*(SORT_BY_ALIGNMENT(.literal) SORT_BY_ALIGNMENT(.text) SORT_BY_ALIGNMENT(.literal.*) SORT_BY_ALIGNMENT(.text.*))
 *fill*         0x0000000040376260        0x0 
 .text.z_impl_zephyr_fputc
                0x0000000040376260       0x12 zephyr/lib/libc/picolibc/liblib__libc__picolibc.a(libc-hooks.c.obj)
                0x0000000040376260                z_impl_zephyr_fputc
 *fill*         0x0000000040376272        0x2 
 .text.picolibc_put
                0x0000000040376274       0x12 zephyr/lib/libc/picolibc/liblib__libc__picolibc.a(libc-hooks.c.obj)
 *fill*         0x0000000040376286        0x2 
 .text.__stdout_hook_install
                0x0000000040376288       0x18 zephyr/lib/libc/picolibc/liblib__libc__picolibc.a(libc-hooks.c.obj)
                0x0000000040376288                __stdout_hook_install
 .text.printf   0x00000000403762a0       0x2c c:\users\jcook\zephyr-sdk-0.16.5\xtensa-espressif_esp32s3_zephyr-elf\bin\../lib/gcc/../../picolibc/xtensa-espressif_esp32s3_zephyr-elf/lib\libc.a(libc_tinystdio_printf.c.o)
                0x00000000403762a0                printf
 .text.__l_vfprintf
                0x00000000403762cc      0x5ba c:\users\jcook\zephyr-sdk-0.16.5\xtensa-espressif_esp32s3_zephyr-elf\bin\../lib/gcc/../../picolibc/xtensa-espressif_esp32s3_zephyr-elf/lib\libc.a(libc_tinystdio_vflprintf.c.o)
                0x00000000403762cc                __l_vfprintf
 *fill*         0x0000000040376886        0x0 
 *fill*         0x0000000040376886        0x0 
 *fill*         0x0000000040376886        0x2 
 .text.__assert_no_args
                0x0000000040376888        0x3 zephyr/lib/libc/picolibc/liblib__libc__picolibc.a(libc-hooks.c.obj)
                0x0000000040376888                __assert_no_args
 *fill*         0x000000004037688b        0x1 
 .text.__ultoa_invert
                0x000000004037688c      0x116 c:\users\jcook\zephyr-sdk-0.16.5\xtensa-espressif_esp32s3_zephyr-elf\bin\../lib/gcc/../../picolibc/xtensa-espressif_esp32s3_zephyr-elf/lib\libc.a(libc_tinystdio_vflprintf.c.o)
 *fill*         0x00000000403769a2        0x0 
 *libphy.a:(SORT_BY_ALIGNMENT(.phyiram) SORT_BY_ALIGNMENT(.phyiram.*))
 *libgcov.a:(SORT_BY_ALIGNMENT(.literal) SORT_BY_ALIGNMENT(.text) SORT_BY_ALIGNMENT(.literal.*) SORT_BY_ALIGNMENT(.text.*))
                0x00000000403769b4                . = (ALIGN (0x4) + 0x10)
 *fill*         0x00000000403769a2       0x12 

.iram0.text_end
                0x00000000403769b4        0xc load address 0x0000000000003c64
                0x00000000403769c0                . = ALIGN (0x10)
 *fill*         0x00000000403769b4        0xc 
                0x00000000403769c0                _iram_text_end = ABSOLUTE (.)

.iram0.data     0x00000000403769c0        0x0 load address 0x0000000000003c64
                0x00000000403769c0                . = ALIGN (0x10)
 *(SORT_BY_ALIGNMENT(.iram.data))
 *(SORT_BY_ALIGNMENT(.iram.data*))

.iram0.bss      0x00000000403769c0        0x0 load address 0x0000000000003c64
                0x00000000403769c0                . = ALIGN (0x10)
 *(SORT_BY_ALIGNMENT(.iram.bss))
 *(SORT_BY_ALIGNMENT(.iram.bss*))
                0x00000000403769c0                . = ALIGN (0x10)
                0x00000000403769c0                _iram_end = ABSOLUTE (.)

.dram0.dummy    0x000000003fc88000        0x0
                0x000000003fc88000                . = ALIGN (0x8)
                0x000000003fc88000                . = ((ORIGIN (dram0_0_seg) + MAX (_iram_end, 0x40378000)) - 0x40378000)

bss             0x000000003fc88000      0x298
                0x000000003fc88000                . = ALIGN (0x8)
                0x000000003fc88000                _bss_start = ABSOLUTE (.)
                0x000000003fc88000                __bss_start = ABSOLUTE (.)
 *(SORT_BY_ALIGNMENT(.dynsbss))
 *(SORT_BY_ALIGNMENT(.sbss))
 *(SORT_BY_ALIGNMENT(.sbss.*))
 *(SORT_BY_ALIGNMENT(.gnu.linkonce.sb.*))
 *(SORT_BY_ALIGNMENT(.scommon))
 *(SORT_BY_ALIGNMENT(.sbss2))
 *(SORT_BY_ALIGNMENT(.sbss2.*))
 *(SORT_BY_ALIGNMENT(.gnu.linkonce.sb2.*))
 *(SORT_BY_ALIGNMENT(.dynbss))
 *(SORT_BY_ALIGNMENT(.bss))
 *(SORT_BY_ALIGNMENT(.bss.*))
 .bss.serial_esp32_usb_data_0
                0x000000003fc88000       0x10 zephyr/drivers/serial/libdrivers__serial.a(serial_esp32_usb.c.obj)
 .bss.z_idle_threads
                0x000000003fc88010       0x58 zephyr/kernel/libkernel.a(init.c.obj)
                0x000000003fc88010                z_idle_threads
 .bss.z_main_thread
                0x000000003fc88068       0x58 zephyr/kernel/libkernel.a(init.c.obj)
                0x000000003fc88068                z_main_thread
 .bss.slice_timeouts
                0x000000003fc880c0       0x18 zephyr/kernel/libkernel.a(sched.c.obj)
 .bss.curr_tick
                0x000000003fc880d8        0x8 zephyr/kernel/libkernel.a(timeout.c.obj)
 .bss.mux       0x000000003fc880e0        0x4 zephyr/libzephyr.a(regi2c_ctrl.c.obj)
 .bss.s_apb_freq
                0x000000003fc880e4        0x4 zephyr/libzephyr.a(rtc_clk.c.obj)
 .bss.s_cur_pll_freq
                0x000000003fc880e8        0x4 zephyr/libzephyr.a(rtc_clk.c.obj)
 .bss.s_reset_reason
                0x000000003fc880ec        0x4 zephyr/libzephyr.a(reset_reason.c.obj)
 .bss.periph_spinlock
                0x000000003fc880f0        0x4 zephyr/libzephyr.a(periph_ctrl.c.obj)
 .bss.systimer_hal
                0x000000003fc880f4        0x4 zephyr/libzephyr.a(esp_timer_impl_systimer.c.obj)
 .bss.s_burn_counter
                0x000000003fc880f8        0x4 zephyr/libzephyr.a(esp_efuse_utility.c.obj)
 .bss._stdout_hook
                0x000000003fc880fc        0x4 zephyr/lib/libc/picolibc/liblib__libc__picolibc.a(libc-hooks.c.obj)
 .bss.z_malloc_heap
                0x000000003fc88100        0xc zephyr/lib/libc/common/liblib__libc__common.a(malloc.c.obj)
 .bss.non_iram_int_mask
                0x000000003fc8810c        0x4 zephyr/drivers/interrupt_controller/libdrivers__interrupt_controller.a(intc_esp32.c.obj)
 .bss.vector_desc_head
                0x000000003fc88110        0x4 zephyr/drivers/interrupt_controller/libdrivers__interrupt_controller.a(intc_esp32.c.obj)
 .bss.intr_alloc_table
                0x000000003fc88114      0x100 zephyr/drivers/interrupt_controller/libdrivers__interrupt_controller.a(intc_esp32.c.obj)
 .bss.esp_intc_csec